Archive member included to satisfy reference by file (symbol)

E:/STM32CubeIDE_1.18.1/STM32CubeIDE/plugins/com.st.stm32cube.ide.mcu.externaltools.gnu-tools-for-stm32.13.3.rel1.win32_1.0.0.202411081344/tools/bin/../lib/gcc/arm-none-eabi/13.3.1/../../../../arm-none-eabi/lib/thumb/v7e-m+fp/hard\libm.a(libm_a-w_pow.o)
                              ./Core/Src/stm32_main.o (pow)
E:/STM32CubeIDE_1.18.1/STM32CubeIDE/plugins/com.st.stm32cube.ide.mcu.externaltools.gnu-tools-for-stm32.13.3.rel1.win32_1.0.0.202411081344/tools/bin/../lib/gcc/arm-none-eabi/13.3.1/../../../../arm-none-eabi/lib/thumb/v7e-m+fp/hard\libm.a(libm_a-w_sqrt.o)
                              ./Core/Src/flight_control/flight_state.o (sqrt)
E:/STM32CubeIDE_1.18.1/STM32CubeIDE/plugins/com.st.stm32cube.ide.mcu.externaltools.gnu-tools-for-stm32.13.3.rel1.win32_1.0.0.202411081344/tools/bin/../lib/gcc/arm-none-eabi/13.3.1/../../../../arm-none-eabi/lib/thumb/v7e-m+fp/hard\libm.a(libm_a-wf_sqrt.o)
                              ./Core/Src/quaternion.o (sqrtf)
E:/STM32CubeIDE_1.18.1/STM32CubeIDE/plugins/com.st.stm32cube.ide.mcu.externaltools.gnu-tools-for-stm32.13.3.rel1.win32_1.0.0.202411081344/tools/bin/../lib/gcc/arm-none-eabi/13.3.1/../../../../arm-none-eabi/lib/thumb/v7e-m+fp/hard\libm.a(libm_a-sf_cos.o)
                              ./Core/Src/quaternion.o (cosf)
E:/STM32CubeIDE_1.18.1/STM32CubeIDE/plugins/com.st.stm32cube.ide.mcu.externaltools.gnu-tools-for-stm32.13.3.rel1.win32_1.0.0.202411081344/tools/bin/../lib/gcc/arm-none-eabi/13.3.1/../../../../arm-none-eabi/lib/thumb/v7e-m+fp/hard\libm.a(libm_a-sf_sin.o)
                              ./Core/Src/quaternion.o (sinf)
E:/STM32CubeIDE_1.18.1/STM32CubeIDE/plugins/com.st.stm32cube.ide.mcu.externaltools.gnu-tools-for-stm32.13.3.rel1.win32_1.0.0.202411081344/tools/bin/../lib/gcc/arm-none-eabi/13.3.1/../../../../arm-none-eabi/lib/thumb/v7e-m+fp/hard\libm.a(libm_a-s_finite.o)
                              E:/STM32CubeIDE_1.18.1/STM32CubeIDE/plugins/com.st.stm32cube.ide.mcu.externaltools.gnu-tools-for-stm32.13.3.rel1.win32_1.0.0.202411081344/tools/bin/../lib/gcc/arm-none-eabi/13.3.1/../../../../arm-none-eabi/lib/thumb/v7e-m+fp/hard\libm.a(libm_a-w_pow.o) (finite)
E:/STM32CubeIDE_1.18.1/STM32CubeIDE/plugins/com.st.stm32cube.ide.mcu.externaltools.gnu-tools-for-stm32.13.3.rel1.win32_1.0.0.202411081344/tools/bin/../lib/gcc/arm-none-eabi/13.3.1/../../../../arm-none-eabi/lib/thumb/v7e-m+fp/hard\libm.a(libm_a-e_sqrt.o)
                              E:/STM32CubeIDE_1.18.1/STM32CubeIDE/plugins/com.st.stm32cube.ide.mcu.externaltools.gnu-tools-for-stm32.13.3.rel1.win32_1.0.0.202411081344/tools/bin/../lib/gcc/arm-none-eabi/13.3.1/../../../../arm-none-eabi/lib/thumb/v7e-m+fp/hard\libm.a(libm_a-w_sqrt.o) (__ieee754_sqrt)
E:/STM32CubeIDE_1.18.1/STM32CubeIDE/plugins/com.st.stm32cube.ide.mcu.externaltools.gnu-tools-for-stm32.13.3.rel1.win32_1.0.0.202411081344/tools/bin/../lib/gcc/arm-none-eabi/13.3.1/../../../../arm-none-eabi/lib/thumb/v7e-m+fp/hard\libm.a(libm_a-ef_sqrt.o)
                              E:/STM32CubeIDE_1.18.1/STM32CubeIDE/plugins/com.st.stm32cube.ide.mcu.externaltools.gnu-tools-for-stm32.13.3.rel1.win32_1.0.0.202411081344/tools/bin/../lib/gcc/arm-none-eabi/13.3.1/../../../../arm-none-eabi/lib/thumb/v7e-m+fp/hard\libm.a(libm_a-wf_sqrt.o) (__ieee754_sqrtf)
E:/STM32CubeIDE_1.18.1/STM32CubeIDE/plugins/com.st.stm32cube.ide.mcu.externaltools.gnu-tools-for-stm32.13.3.rel1.win32_1.0.0.202411081344/tools/bin/../lib/gcc/arm-none-eabi/13.3.1/../../../../arm-none-eabi/lib/thumb/v7e-m+fp/hard\libm.a(libm_a-sf_floor.o)
                              ./Core/Src/stm32_main.o (floorf)
E:/STM32CubeIDE_1.18.1/STM32CubeIDE/plugins/com.st.stm32cube.ide.mcu.externaltools.gnu-tools-for-stm32.13.3.rel1.win32_1.0.0.202411081344/tools/bin/../lib/gcc/arm-none-eabi/13.3.1/../../../../arm-none-eabi/lib/thumb/v7e-m+fp/hard\libm.a(libm_a-e_pow.o)
                              E:/STM32CubeIDE_1.18.1/STM32CubeIDE/plugins/com.st.stm32cube.ide.mcu.externaltools.gnu-tools-for-stm32.13.3.rel1.win32_1.0.0.202411081344/tools/bin/../lib/gcc/arm-none-eabi/13.3.1/../../../../arm-none-eabi/lib/thumb/v7e-m+fp/hard\libm.a(libm_a-w_pow.o) (__ieee754_pow)
E:/STM32CubeIDE_1.18.1/STM32CubeIDE/plugins/com.st.stm32cube.ide.mcu.externaltools.gnu-tools-for-stm32.13.3.rel1.win32_1.0.0.202411081344/tools/bin/../lib/gcc/arm-none-eabi/13.3.1/../../../../arm-none-eabi/lib/thumb/v7e-m+fp/hard\libm.a(libm_a-s_fabs.o)
                              E:/STM32CubeIDE_1.18.1/STM32CubeIDE/plugins/com.st.stm32cube.ide.mcu.externaltools.gnu-tools-for-stm32.13.3.rel1.win32_1.0.0.202411081344/tools/bin/../lib/gcc/arm-none-eabi/13.3.1/../../../../arm-none-eabi/lib/thumb/v7e-m+fp/hard\libm.a(libm_a-e_pow.o) (fabs)
E:/STM32CubeIDE_1.18.1/STM32CubeIDE/plugins/com.st.stm32cube.ide.mcu.externaltools.gnu-tools-for-stm32.13.3.rel1.win32_1.0.0.202411081344/tools/bin/../lib/gcc/arm-none-eabi/13.3.1/../../../../arm-none-eabi/lib/thumb/v7e-m+fp/hard\libm.a(libm_a-kf_cos.o)
[...]
Memory Configuration

Name             Origin             Length             Attributes
RAM              0x20000000         0x00018000         xrw
RAM2             0x10000000         0x00008000         xrw
FLASH            0x08000000         0x00100000         xr
*default*        0x00000000         0xffffffff

Linker script and memory map

LOAD E:/STM32CubeIDE_1.18.1/STM32CubeIDE/plugins/com.st.stm32cube.ide.mcu.externaltools.gnu-tools-for-stm32.13.3.rel1.win32_1.0.0.202411081344/tools/bin/../lib/gcc/arm-none-eabi/13.3.1/thumb/v7e-m+fp/hard/crti.o
LOAD E:/STM32CubeIDE_1.18.1/STM32CubeIDE/plugins/com.st.stm32cube.ide.mcu.externaltools.gnu-tools-for-stm32.13.3.rel1.win32_1.0.0.202411081344/tools/bin/../lib/gcc/arm-none-eabi/13.3.1/thumb/v7e-m+fp/hard/crtbegin.o
LOAD E:/STM32CubeIDE_1.18.1/STM32CubeIDE/plugins/com.st.stm32cube.ide.mcu.externaltools.gnu-tools-for-stm32.13.3.rel1.win32_1.0.0.202411081344/tools/bin/../lib/gcc/arm-none-eabi/13.3.1/../../../../arm-none-eabi/lib/thumb/v7e-m+fp/hard/crt0.o
LOAD ./Core/Inc/imu/ICM_20948/util/ICM_20948_C.o
LOAD ./Core/Src/ADC/ADC.o
LOAD ./Core/Src/SD/SD.o
LOAD ./Core/Src/SD/csv_format.o
LOAD ./Core/Src/baro/bmp/bmp5.o
LOAD ./Core/Src/baro/bmp/bmp581.o
LOAD ./Core/Src/baro/bmp581.o
LOAD ./Core/Src/buzzer/buzzer.o
LOAD ./Core/Src/buzzer/switching_buzzer.o
LOAD ./Core/Src/callbacks.o
LOAD ./Core/Src/main.o
LOAD ./Core/Src/quaternion.o
LOAD ./Core/Src/stm32_Serial.o
LOAD ./Core/Src/stm32_main.o
LOAD ./Core/Src/stm32l4xx_hal_msp.o
LOAD ./Core/Src/stm32l4xx_it.o
LOAD ./Core/Src/syscalls.o
LOAD ./Core/Src/sysmem.o
LOAD ./Core/Src/system_stm32l4xx.o
LOAD ./Core/Src/flight_control/flight_state.o
LOAD ./Core/Src/imu/ICM_20948/ICM_20948.o
LOAD ./Core/Src/imu/icm20948.o
LOAD ./Core/Src/imu/icm20948_dmp.o
LOAD ./Core/Src/util/stm32_uart_stdio.o
LOAD ./Core/Startup/startup_stm32l476rgtx.o
LOAD ./Drivers/STM32L4xx_HAL_Driver/Src/stm32l4xx_hal.o
LOAD ./Drivers/STM32L4xx_HAL_Driver/Src/stm32l4xx_hal_adc.o
LOAD ./Drivers/STM32L4xx_HAL_Driver/Src/stm32l4xx_hal_adc_ex.o
LOAD ./Drivers/STM32L4xx_HAL_Driver/Src/stm32l4xx_hal_cortex.o
LOAD ./Drivers/STM32L4xx_HAL_Driver/Src/stm32l4xx_hal_dma.o
LOAD ./Drivers/STM32L4xx_HAL_Driver/Src/stm32l4xx_hal_dma_ex.o
LOAD ./Drivers/STM32L4xx_HAL_Driver/Src/stm32l4xx_hal_exti.o
LOAD ./Drivers/STM32L4xx_HAL_Driver/Src/stm32l4xx_hal_flash.o
LOAD ./Drivers/STM32L4xx_HAL_Driver/Src/stm32l4xx_hal_flash_ex.o
LOAD ./Drivers/STM32L4xx_HAL_Driver/Src/stm32l4xx_hal_flash_ramfunc.o
LOAD ./Drivers/STM32L4xx_HAL_Driver/Src/stm32l4xx_hal_gpio.o
LOAD ./Drivers/STM32L4xx_HAL_Driver/Src/stm32l4xx_hal_i2c.o
LOAD ./Drivers/STM32L4xx_HAL_Driver/Src/stm32l4xx_hal_i2c_ex.o
LOAD ./Drivers/STM32L4xx_HAL_Driver/Src/stm32l4xx_hal_pwr.o
LOAD ./Drivers/STM32L4xx_HAL_Driver/Src/stm32l4xx_hal_pwr_ex.o
LOAD ./Drivers/STM32L4xx_HAL_Driver/Src/stm32l4xx_hal_rcc.o
LOAD ./Drivers/STM32L4xx_HAL_Driver/Src/stm32l4xx_hal_rcc_ex.o
LOAD ./Drivers/STM32L4xx_HAL_Driver/Src/stm32l4xx_hal_spi.o
LOAD ./Drivers/STM32L4xx_HAL_Driver/Src/stm32l4xx_hal_spi_ex.o
LOAD ./Drivers/STM32L4xx_HAL_Driver/Src/stm32l4xx_hal_tim.o
LOAD ./Drivers/STM32L4xx_HAL_Driver/Src/stm32l4xx_hal_tim_ex.o
LOAD ./Drivers/STM32L4xx_HAL_Driver/Src/stm32l4xx_hal_uart.o
LOAD ./Drivers/STM32L4xx_HAL_Driver/Src/stm32l4xx_hal_uart_ex.o
LOAD ./FATFS/App/fatfs.o
LOAD ./FATFS/Target/fatfs_sd.o
LOAD ./FATFS/Target/user_diskio.o
LOAD ./Middlewares/Third_Party/FatFs/src/diskio.o
LOAD ./Middlewares/Third_Party/FatFs/src/ff.o
LOAD ./Middlewares/Third_Party/FatFs/src/ff_gen_drv.o
LOAD ./Middlewares/Third_Party/FatFs/src/option/ccsbcs.o
LOAD ./Middlewares/Third_Party/FatFs/src/option/syscall.o
START GROUP
LOAD E:/STM32CubeIDE_1.18.1/STM32CubeIDE/plugins/com.st.stm32cube.ide.mcu.externaltools.gnu-tools-for-stm32.13.3.rel1.win32_1.0.0.202411081344/tools/bin/../lib/gcc/arm-none-eabi/13.3.1/../../../../arm-none-eabi/lib/thumb/v7e-m+fp/hard\libstdc++_nano.a
LOAD E:/STM32CubeIDE_1.18.1/STM32CubeIDE/plugins/com.st.stm32cube.ide.mcu.externaltools.gnu-tools-for-stm32.13.3.rel1.win32_1.0.0.202411081344/tools/bin/../lib/gcc/arm-none-eabi/13.3.1/../../../../arm-none-eabi/lib/thumb/v7e-m+fp/hard\libsupc++_nano.a
END GROUP
LOAD E:/STM32CubeIDE_1.18.1/STM32CubeIDE/plugins/com.st.stm32cube.ide.mcu.externaltools.gnu-tools-for-stm32.13.3.rel1.win32_1.0.0.202411081344/tools/bin/../lib/gcc/arm-none-eabi/13.3.1/../../../../arm-none-eabi/lib/thumb/v7e-m+fp/hard\libstdc++_nano.a
LOAD E:/STM32CubeIDE_1.18.1/STM32CubeIDE/plugins/com.st.stm32cube.ide.mcu.externaltools.gnu-tools-for-stm32.13.3.rel1.win32_1.0.0.202411081344/tools/bin/../lib/gcc/arm-none-eabi/13.3.1/../../../../arm-none-eabi/lib/thumb/v7e-m+fp/hard\libm.a
LOAD E:/STM32CubeIDE_1.18.1/STM32CubeIDE/plugins/com.st.stm32cube.ide.mcu.externaltools.gnu-tools-for-stm32.13.3.rel1.win32_1.0.0.202411081344/tools/bin/../lib/gcc/arm-none-eabi/13.3.1/../../../../arm-none-eabi/lib/thumb/v7e-m+fp/hard\libc_nano.a
START GROUP
LOAD E:/STM32CubeIDE_1.18.1/STM32CubeIDE/plugins/com.st.stm32cube.ide.mcu.externaltools.gnu-tools-for-stm32.13.3.rel1.win32_1.0.0.202411081344/tools/bin/../lib/gcc/arm-none-eabi/13.3.1/thumb/v7e-m+fp/hard\libgcc.a
LOAD E:/STM32CubeIDE_1.18.1/STM32CubeIDE/plugins/com.st.stm32cube.ide.mcu.externaltools.gnu-tools-for-stm32.13.3.rel1.win32_1.0.0.202411081344/tools/bin/../lib/gcc/arm-none-eabi/13.3.1/../../../../arm-none-eabi/lib/thumb/v7e-m+fp/hard\libc_nano.a
END GROUP
START GROUP
LOAD E:/STM32CubeIDE_1.18.1/STM32CubeIDE/plugins/com.st.stm32cube.ide.mcu.externaltools.gnu-tools-for-stm32.13.3.rel1.win32_1.0.0.202411081344/tools/bin/../lib/gcc/arm-none-eabi/13.3.1/thumb/v7e-m+fp/hard\libgcc.a
LOAD E:/STM32CubeIDE_1.18.1/STM32CubeIDE/plugins/com.st.stm32cube.ide.mcu.externaltools.gnu-tools-for-stm32.13.3.rel1.win32_1.0.0.202411081344/tools/bin/../lib/gcc/arm-none-eabi/13.3.1/../../../../arm-none-eabi/lib/thumb/v7e-m+fp/hard\libc_nano.a
LOAD E:/STM32CubeIDE_1.18.1/STM32CubeIDE/plugins/com.st.stm32cube.ide.mcu.externaltools.gnu-tools-for-stm32.13.3.rel1.win32_1.0.0.202411081344/tools/bin/../lib/gcc/arm-none-eabi/13.3.1/../../../../arm-none-eabi/lib/thumb/v7e-m+fp/hard\libnosys.a
END GROUP
START GROUP
LOAD E:/STM32CubeIDE_1.18.1/STM32CubeIDE/plugins/com.st.stm32cube.ide.mcu.externaltools.gnu-tools-for-stm32.13.3.rel1.win32_1.0.0.202411081344/tools/bin/../lib/gcc/arm-none-eabi/13.3.1/thumb/v7e-m+fp/hard\libgcc.a
LOAD E:/STM32CubeIDE_1.18.1/STM32CubeIDE/plugins/com.st.stm32cube.ide.mcu.externaltools.gnu-tools-for-stm32.13.3.rel1.win32_1.0.0.202411081344/tools/bin/../lib/gcc/arm-none-eabi/13.3.1/../../../../arm-none-eabi/lib/thumb/v7e-m+fp/hard\libc_nano.a
LOAD E:/STM32CubeIDE_1.18.1/STM32CubeIDE/plugins/com.st.stm32cube.ide.mcu.externaltools.gnu-tools-for-stm32.13.3.rel1.win32_1.0.0.202411081344/tools/bin/../lib/gcc/arm-none-eabi/13.3.1/../../../../arm-none-eabi/lib/thumb/v7e-m+fp/hard\libnosys.a
END GROUP
LOAD E:/STM32CubeIDE_1.18.1/STM32CubeIDE/plugins/com.st.stm32cube.ide.mcu.externaltools.gnu-tools-for-stm32.13.3.rel1.win32_1.0.0.202411081344/tools/bin/../lib/gcc/arm-none-eabi/13.3.1/thumb/v7e-m+fp/hard/crtend.o
LOAD E:/STM32CubeIDE_1.18.1/STM32CubeIDE/plugins/com.st.stm32cube.ide.mcu.externaltools.gnu-tools-for-stm32.13.3.rel1.win32_1.0.0.202411081344/tools/bin/../lib/gcc/arm-none-eabi/13.3.1/thumb/v7e-m+fp/hard/crtn.o
                0x20018000                        _estack = (ORIGIN (RAM) + LENGTH (RAM))
                0x00000200                        _Min_Heap_Size = 0x200
                0x00000400                        _Min_Stack_Size = 0x400

.isr_vector     0x08000000      0x188
                0x08000000                        . = ALIGN (0x4)
 *(.isr_vector)
 .isr_vector    0x08000000      0x188 ./Core/Startup/startup_stm32l476rgtx.o
                0x08000000                g_pfnVectors
                0x08000188                        . = ALIGN (0x4)

.text           0x08000190    0x18470
                0x08000190                        . = ALIGN (0x4)
 *(.text)
 .text          0x08000190       0x40 E:/STM32CubeIDE_1.18.1/STM32CubeIDE/plugins/com.st.stm32cube.ide.mcu.externaltools.gnu-tools-for-stm32.13.3.rel1.win32_1.0.0.202411081344/tools/bin/../lib/gcc/arm-none-eabi/13.3.1/thumb/v7e-m+fp/hard/crtbegin.o
 .text          0x080001d0       0xa0 E:/STM32CubeIDE_1.18.1/STM32CubeIDE/plugins/com.st.stm32cube.ide.mcu.externaltools.gnu-tools-for-stm32.13.3.rel1.win32_1.0.0.202411081344/tools/bin/../lib/gcc/arm-none-eabi/13.3.1/../../../../arm-none-eabi/lib/thumb/v7e-m+fp/hard\libc_nano.a(libc_a-memchr.o)
                0x080001d0                memchr
 .text          0x08000270       0x10 E:/STM32CubeIDE_1.18.1/STM32CubeIDE/plugins/com.st.stm32cube.ide.mcu.externaltools.gnu-tools-for-stm32.13.3.rel1.win32_1.0.0.202411081344/tools/bin/../lib/gcc/arm-none-eabi/13.3.1/../../../../arm-none-eabi/lib/thumb/v7e-m+fp/hard\libc_nano.a(libc_a-strlen.o)
                0x08000270                strlen
 .text          0x08000280      0x378 E:/STM32CubeIDE_1.18.1/STM32CubeIDE/plugins/com.st.stm32cube.ide.mcu.externaltools.gnu-tools-for-stm32.13.3.rel1.win32_1.0.0.202411081344/tools/bin/../lib/gcc/arm-none-eabi/13.3.1/thumb/v7e-m+fp/hard\libgcc.a(_arm_addsubdf3.o)
                0x08000280                __aeabi_drsub
                0x08000288                __aeabi_dsub
                0x08000288                __subdf3
                0x0800028c                __aeabi_dadd
                0x0800028c                __adddf3
                0x08000504                __floatunsidf
                0x08000504                __aeabi_ui2d
                0x08000524                __floatsidf
                0x08000524                __aeabi_i2d
                0x08000548                __aeabi_f2d
                0x08000548                __extendsfdf2
                0x0800058c                __floatundidf
                0x0800058c                __aeabi_ul2d
                0x0800059c                __floatdidf
                0x0800059c                __aeabi_l2d
 .text          0x080005f8      0x424 E:/STM32CubeIDE_1.18.1/STM32CubeIDE/plugins/com.st.stm32cube.ide.mcu.externaltools.gnu-tools-for-stm32.13.3.rel1.win32_1.0.0.202411081344/tools/bin/../lib/gcc/arm-none-eabi/13.3.1/thumb/v7e-m+fp/hard\libgcc.a(_arm_muldivdf3.o)
                0x080005f8                __aeabi_dmul
                0x080005f8                __muldf3
                0x0800084c                __divdf3
                0x0800084c                __aeabi_ddiv
 .text          0x08000a1c      0x110 E:/STM32CubeIDE_1.18.1/STM32CubeIDE/plugins/com.st.stm32cube.ide.mcu.externaltools.gnu-tools-for-stm32.13.3.rel1.win32_1.0.0.202411081344/tools/bin/../lib/gcc/arm-none-eabi/13.3.1/thumb/v7e-m+fp/hard\libgcc.a(_arm_cmpdf2.o)
                0x08000a1c                __gtdf2
                0x08000a1c                __gedf2
                0x08000a24                __ltdf2
                0x08000a24                __ledf2
                0x08000a2c                __nedf2
                0x08000a2c                __eqdf2
                0x08000a2c                __cmpdf2
                0x08000aa8                __aeabi_cdrcmple
                0x08000ab8                __aeabi_cdcmpeq
                0x08000ab8                __aeabi_cdcmple
                0x08000ac8                __aeabi_dcmpeq
                0x08000adc                __aeabi_dcmplt
                0x08000af0                __aeabi_dcmple
                0x08000b04                __aeabi_dcmpge
                0x08000b18                __aeabi_dcmpgt
 .text          0x08000b2c       0x2c E:/STM32CubeIDE_1.18.1/STM32CubeIDE/plugins/com.st.stm32cube.ide.mcu.externaltools.gnu-tools-for-stm32.13.3.rel1.win32_1.0.0.202411081344/tools/bin/../lib/gcc/arm-none-eabi/13.3.1/thumb/v7e-m+fp/hard\libgcc.a(_arm_unorddf2.o)
                0x08000b2c                __unorddf2
                0x08000b2c                __aeabi_dcmpun
 .text          0x08000b58       0x50 E:/STM32CubeIDE_1.18.1/STM32CubeIDE/plugins/com.st.stm32cube.ide.mcu.externaltools.gnu-tools-for-stm32.13.3.rel1.win32_1.0.0.202411081344/tools/bin/../lib/gcc/arm-none-eabi/13.3.1/thumb/v7e-m+fp/hard\libgcc.a(_arm_fixdfsi.o)
                0x08000b58                __aeabi_d2iz
                0x08000b58                __fixdfsi
 .text          0x08000ba8       0xa0 E:/STM32CubeIDE_1.18.1/STM32CubeIDE/plugins/com.st.stm32cube.ide.mcu.externaltools.gnu-tools-for-stm32.13.3.rel1.win32_1.0.0.202411081344/tools/bin/../lib/gcc/arm-none-eabi/13.3.1/thumb/v7e-m+fp/hard\libgcc.a(_arm_truncdfsf2.o)
                0x08000ba8                __truncdfsf2
                0x08000ba8                __aeabi_d2f
 .text          0x08000c48       0x30 E:/STM32CubeIDE_1.18.1/STM32CubeIDE/plugins/com.st.stm32cube.ide.mcu.externaltools.gnu-tools-for-stm32.13.3.rel1.win32_1.0.0.202411081344/tools/bin/../lib/gcc/arm-none-eabi/13.3.1/thumb/v7e-m+fp/hard\libgcc.a(_aeabi_uldivmod.o)
                0x08000c48                __aeabi_uldivmod
 .text          0x08000c78      0x2f8 E:/STM32CubeIDE_1.18.1/STM32CubeIDE/plugins/com.st.stm32cube.ide.mcu.externaltools.gnu-tools-for-stm32.13.3.rel1.win32_1.0.0.202411081344/tools/bin/../lib/gcc/arm-none-eabi/13.3.1/thumb/v7e-m+fp/hard\libgcc.a(_udivmoddi4.o)
                0x08000c78                __udivmoddi4
 .text          0x08000f70        0x4 E:/STM32CubeIDE_1.18.1/STM32CubeIDE/plugins/com.st.stm32cube.ide.mcu.externaltools.gnu-tools-for-stm32.13.3.rel1.win32_1.0.0.202411081344/tools/bin/../lib/gcc/arm-none-eabi/13.3.1/thumb/v7e-m+fp/hard\libgcc.a(_dvmd_tls.o)
                0x08000f70                __aeabi_idiv0
                0x08000f70                __aeabi_ldiv0
 *(.text*)
 .text.ICM_20948_init_struct
                0x08000f74       0x26 ./Core/Inc/imu/ICM_20948/util/ICM_20948_C.o
                0x08000f74                ICM_20948_init_struct
 .text.ICM_20948_execute_w
                0x08000f9a       0x3c ./Core/Inc/imu/ICM_20948/util/ICM_20948_C.o
                0x08000f9a                ICM_20948_execute_w
 .text.ICM_20948_execute_r
                0x08000fd6       0x3c ./Core/Inc/imu/ICM_20948/util/ICM_20948_C.o
                0x08000fd6                ICM_20948_execute_r
 .text.ICM_20948_i2c_controller_periph4_txn
                0x08001012      0x244 ./Core/Inc/imu/ICM_20948/util/ICM_20948_C.o
                0x08001012                ICM_20948_i2c_controller_periph4_txn
 .text.ICM_20948_i2c_master_single_w
                0x08001256       0x34 ./Core/Inc/imu/ICM_20948/util/ICM_20948_C.o
                0x08001256                ICM_20948_i2c_master_single_w
 .text.ICM_20948_i2c_master_single_r
                0x0800128a       0x34 ./Core/Inc/imu/ICM_20948/util/ICM_20948_C.o
                0x0800128a                ICM_20948_i2c_master_single_r
 .text.ICM_20948_set_bank
                0x080012be       0x4e ./Core/Inc/imu/ICM_20948/util/ICM_20948_C.o
                0x080012be                ICM_20948_set_bank
 .text.ICM_20948_sw_reset
                0x0800130c       0x5e ./Core/Inc/imu/ICM_20948/util/ICM_20948_C.o
                0x0800130c                ICM_20948_sw_reset
 .text.ICM_20948_sleep
                0x0800136a       0x72 ./Core/Inc/imu/ICM_20948/util/ICM_20948_C.o
                0x0800136a                ICM_20948_sleep
 .text.ICM_20948_low_power
                0x080013dc       0x72 ./Core/Inc/imu/ICM_20948/util/ICM_20948_C.o
                0x080013dc                ICM_20948_low_power
 .text.ICM_20948_set_clock_source
                0x0800144e       0x6a ./Core/Inc/imu/ICM_20948/util/ICM_20948_C.o
                0x0800144e                ICM_20948_set_clock_source
 .text.ICM_20948_get_who_am_i
                0x080014b8       0x32 ./Core/Inc/imu/ICM_20948/util/ICM_20948_C.o
                0x080014b8                ICM_20948_get_who_am_i
 .text.ICM_20948_check_id
                0x080014ea       0x3e ./Core/Inc/imu/ICM_20948/util/ICM_20948_C.o
                0x080014ea                ICM_20948_check_id
 .text.ICM_20948_data_ready
                0x08001528       0x58 ./Core/Inc/imu/ICM_20948/util/ICM_20948_C.o
                0x08001528                ICM_20948_data_ready
 .text.ICM_20948_int_enable
                0x08001580      0x376 ./Core/Inc/imu/ICM_20948/util/ICM_20948_C.o
                0x08001580                ICM_20948_int_enable
 .text.ICM_20948_set_sample_mode
                0x080018f6      0x13e ./Core/Inc/imu/ICM_20948/util/ICM_20948_C.o
                0x080018f6                ICM_20948_set_sample_mode
 .text.ICM_20948_set_full_scale
                0x08001a34      0x14a ./Core/Inc/imu/ICM_20948/util/ICM_20948_C.o
                0x08001a34                ICM_20948_set_full_scale
 .text.ICM_20948_set_dlpf_cfg
                0x08001b7e      0x142 ./Core/Inc/imu/ICM_20948/util/ICM_20948_C.o
                0x08001b7e                ICM_20948_set_dlpf_cfg
 .text.ICM_20948_enable_dlpf
                0x08001cc0      0x184 ./Core/Inc/imu/ICM_20948/util/ICM_20948_C.o
                0x08001cc0                ICM_20948_enable_dlpf
 .text.ICM_20948_set_sample_rate
                0x08001e44       0xbe ./Core/Inc/imu/ICM_20948/util/ICM_20948_C.o
                0x08001e44                ICM_20948_set_sample_rate
 .text.ICM_20948_i2c_master_passthrough
                0x08001f02       0x72 ./Core/Inc/imu/ICM_20948/util/ICM_20948_C.o
                0x08001f02                ICM_20948_i2c_master_passthrough
 .text.ICM_20948_i2c_master_enable
                0x08001f74       0xf6 ./Core/Inc/imu/ICM_20948/util/ICM_20948_C.o
                0x08001f74                ICM_20948_i2c_master_enable
 .text.ICM_20948_i2c_master_reset
                0x0800206a       0x6c ./Core/Inc/imu/ICM_20948/util/ICM_20948_C.o
                0x0800206a                ICM_20948_i2c_master_reset
 *fill*         0x080020d6        0x2 
 .text.ICM_20948_i2c_controller_configure_peripheral
                0x080020d8      0x19c ./Core/Inc/imu/ICM_20948/util/ICM_20948_C.o
                0x080020d8                ICM_20948_i2c_controller_configure_peripheral
 .text.ICM_20948_get_agmt
                0x08002274      0x234 ./Core/Inc/imu/ICM_20948/util/ICM_20948_C.o
                0x08002274                ICM_20948_get_agmt
 .text.ICM_20948_enable_FIFO
                0x080024a8       0x80 ./Core/Inc/imu/ICM_20948/util/ICM_20948_C.o
                0x080024a8                ICM_20948_enable_FIFO
 .text.ICM_20948_reset_FIFO
                0x08002528       0x92 ./Core/Inc/imu/ICM_20948/util/ICM_20948_C.o
                0x08002528                ICM_20948_reset_FIFO
 .text.ICM_20948_get_FIFO_count
                0x080025ba       0x86 ./Core/Inc/imu/ICM_20948/util/ICM_20948_C.o
                0x080025ba                ICM_20948_get_FIFO_count
 .text.ICM_20948_read_FIFO
                0x08002640       0x4c ./Core/Inc/imu/ICM_20948/util/ICM_20948_C.o
                0x08002640                ICM_20948_read_FIFO
 .text.ICM_20948_enable_DMP
                0x0800268c       0x80 ./Core/Inc/imu/ICM_20948/util/ICM_20948_C.o
                0x0800268c                ICM_20948_enable_DMP
 .text.ICM_20948_reset_DMP
                0x0800270c       0x6c ./Core/Inc/imu/ICM_20948/util/ICM_20948_C.o
                0x0800270c                ICM_20948_reset_DMP
 .text.ICM_20948_firmware_load
                0x08002778       0x24 ./Core/Inc/imu/ICM_20948/util/ICM_20948_C.o
                0x08002778                ICM_20948_firmware_load
 .text.inv_icm20948_firmware_load
                0x0800279c      0x1bc ./Core/Inc/imu/ICM_20948/util/ICM_20948_C.o
                0x0800279c                inv_icm20948_firmware_load
 .text.ICM_20948_set_dmp_start_address
                0x08002958       0x64 ./Core/Inc/imu/ICM_20948/util/ICM_20948_C.o
                0x08002958                ICM_20948_set_dmp_start_address
 .text.inv_icm20948_write_mems
                0x080029bc       0xea ./Core/Inc/imu/ICM_20948/util/ICM_20948_C.o
                0x080029bc                inv_icm20948_write_mems
 .text.inv_icm20948_read_mems
                0x08002aa6       0xea ./Core/Inc/imu/ICM_20948/util/ICM_20948_C.o
                0x08002aa6                inv_icm20948_read_mems
 .text.inv_icm20948_set_dmp_sensor_period
                0x08002b90      0x2cc ./Core/Inc/imu/ICM_20948/util/ICM_20948_C.o
                0x08002b90                inv_icm20948_set_dmp_sensor_period
 .text.inv_icm20948_enable_dmp_sensor
                0x08002e5c      0x380 ./Core/Inc/imu/ICM_20948/util/ICM_20948_C.o
                0x08002e5c                inv_icm20948_enable_dmp_sensor
 .text.inv_icm20948_read_dmp_data
                0x080031dc      0xbb8 ./Core/Inc/imu/ICM_20948/util/ICM_20948_C.o
                0x080031dc                inv_icm20948_read_dmp_data
 .text.sensor_type_2_android_sensor
                0x08003d94       0xc8 ./Core/Inc/imu/ICM_20948/util/ICM_20948_C.o
                0x08003d94                sensor_type_2_android_sensor
 *fill*         0x08003e5c        0x4 
 .text.inv_icm20948_set_gyro_sf
                0x08003e60      0x20c ./Core/Inc/imu/ICM_20948/util/ICM_20948_C.o
                0x08003e60                inv_icm20948_set_gyro_sf
 .text._Z10analogReadP17ADC_HandleTypeDef
                0x0800406c       0x58 ./Core/Src/ADC/ADC.o
                0x0800406c                analogRead(ADC_HandleTypeDef*)
 *fill*         0x080040c4        0x4 
 .text._Z22convert_adc_to_voltatem
                0x080040c8       0x74 ./Core/Src/ADC/ADC.o
                0x080040c8                convert_adc_to_voltate(unsigned long)
 .text._Z7init_sdP19__SPI_HandleTypeDefP12GPIO_TypeDeft
                0x0800413c       0xa0 ./Core/Src/SD/SD.o
                0x0800413c                init_sd(__SPI_HandleTypeDef*, GPIO_TypeDef*, unsigned short)
 .text._Z7sync_SDv
                0x080041dc       0x78 ./Core/Src/SD/SD.o
                0x080041dc                sync_SD()
 .text._Z13init_data_csvPKc
                0x08004254      0x148 ./Core/Src/SD/SD.o
                0x08004254                init_data_csv(char const*)
 .text._Z14write_data_csvRK10csv_format
                0x0800439c       0xb8 ./Core/Src/SD/SD.o
                0x0800439c                write_data_csv(csv_format const&)
 .text._Z17csv_format_to_strRK10csv_formatPcj
                0x08004454      0x17c ./Core/Src/SD/csv_format.o
                0x08004454                csv_format_to_str(csv_format const&, char*, unsigned int)
 .text.bmp5_init
                0x080045d0       0x8e ./Core/Src/baro/bmp/bmp5.o
                0x080045d0                bmp5_init
 .text.bmp5_get_regs
                0x0800465e       0x70 ./Core/Src/baro/bmp/bmp5.o
                0x0800465e                bmp5_get_regs
 .text.bmp5_set_regs
                0x080046ce       0xb8 ./Core/Src/baro/bmp/bmp5.o
                0x080046ce                bmp5_set_regs
 .text.bmp5_soft_reset
                0x08004786       0x5c ./Core/Src/baro/bmp/bmp5.o
                0x08004786                bmp5_soft_reset
 .text.bmp5_get_interrupt_status
                0x080047e2       0x32 ./Core/Src/baro/bmp/bmp5.o
                0x080047e2                bmp5_get_interrupt_status
 .text.bmp5_get_power_mode
                0x08004814       0xa0 ./Core/Src/baro/bmp/bmp5.o
                0x08004814                bmp5_get_power_mode
 .text.bmp5_set_power_mode
                0x080048b4       0xa0 ./Core/Src/baro/bmp/bmp5.o
                0x080048b4                bmp5_set_power_mode
 .text.bmp5_get_sensor_data
                0x08004954      0x144 ./Core/Src/baro/bmp/bmp5.o
                0x08004954                bmp5_get_sensor_data
 .text.bmp5_get_osr_odr_press_config
                0x08004a98       0x78 ./Core/Src/baro/bmp/bmp5.o
                0x08004a98                bmp5_get_osr_odr_press_config
 .text.bmp5_set_osr_odr_press_config
                0x08004b10       0xf4 ./Core/Src/baro/bmp/bmp5.o
                0x08004b10                bmp5_set_osr_odr_press_config
 .text.bmp5_get_iir_config
                0x08004c04       0x80 ./Core/Src/baro/bmp/bmp5.o
                0x08004c04                bmp5_get_iir_config
 .text.null_ptr_check
                0x08004c84       0x40 ./Core/Src/baro/bmp/bmp5.o
 .text.validate_chip_id
                0x08004cc4       0x32 ./Core/Src/baro/bmp/bmp5.o
 .text.power_up_check
                0x08004cf6       0x72 ./Core/Src/baro/bmp/bmp5.o
 .text.check_deepstandby_mode
                0x08004d68       0x8e ./Core/Src/baro/bmp/bmp5.o
 .text.set_deep_standby_mode
                0x08004df6       0xda ./Core/Src/baro/bmp/bmp5.o
 .text.set_power_mode
                0x08004ed0       0x7c ./Core/Src/baro/bmp/bmp5.o
 .text.set_standby_mode
                0x08004f4c       0x3e ./Core/Src/baro/bmp/bmp5.o
 .text.get_nvm_status
                0x08004f8a       0x32 ./Core/Src/baro/bmp/bmp5.o
 .text._ZN6BMP581C2Ev
                0x08004fbc       0x16 ./Core/Src/baro/bmp/bmp581.o
                0x08004fbc                BMP581::BMP581()
                0x08004fbc                BMP581::BMP581()
 .text._ZN6BMP5815beginEv
                0x08004fd2       0x52 ./Core/Src/baro/bmp/bmp581.o
                0x08004fd2                BMP581::begin()
 .text._ZN6BMP5818beginSPIEP19__SPI_HandleTypeDefP12GPIO_TypeDeft
                0x08005024       0x3c ./Core/Src/baro/bmp/bmp581.o
                0x08005024                BMP581::beginSPI(__SPI_HandleTypeDef*, GPIO_TypeDef*, unsigned short)
 .text._ZN6BMP5814initEv
                0x08005060       0x78 ./Core/Src/baro/bmp/bmp581.o
                0x08005060                BMP581::init()
 .text._ZN6BMP5817setModeE14bmp5_powermode
                0x080050d8       0x22 ./Core/Src/baro/bmp/bmp581.o
                0x080050d8                BMP581::setMode(bmp5_powermode)
 .text._ZN6BMP58111enablePressEh
                0x080050fa       0x2c ./Core/Src/baro/bmp/bmp581.o
                0x080050fa                BMP581::enablePress(unsigned char)
 .text._ZN6BMP58113getSensorDataEP16bmp5_sensor_data
                0x08005126       0x22 ./Core/Src/baro/bmp/bmp581.o
                0x08005126                BMP581::getSensorData(bmp5_sensor_data*)
 .text._ZN6BMP58115setODRFrequencyEh
                0x08005148       0x3a ./Core/Src/baro/bmp/bmp581.o
                0x08005148                BMP581::setODRFrequency(unsigned char)
 .text._ZN6BMP58113readRegistersEhPhmPv
                0x08005182       0xe6 ./Core/Src/baro/bmp/bmp581.o
                0x08005182                BMP581::readRegisters(unsigned char, unsigned char*, unsigned long, void*)
 .text._ZN6BMP58114writeRegistersEhPKhmPv
                0x08005268       0xc6 ./Core/Src/baro/bmp/bmp581.o
                0x08005268                BMP581::writeRegisters(unsigned char, unsigned char const*, unsigned long, void*)
 .text._Z8Delay_usm
                0x0800532e       0x5e ./Core/Src/baro/bmp/bmp581.o
                0x0800532e                Delay_us(unsigned long)
 .text._ZN6BMP5817usDelayEmPv
                0x0800538c       0x18 ./Core/Src/baro/bmp/bmp581.o
                0x0800538c                BMP581::usDelay(unsigned long, void*)
 .text._Z9init_baroP19__SPI_HandleTypeDefP12GPIO_TypeDeft
                0x080053a4       0x54 ./Core/Src/baro/bmp581.o
                0x080053a4                init_baro(__SPI_HandleTypeDef*, GPIO_TypeDef*, unsigned short)
 .text._Z41__static_initialization_and_destruction_0v
                0x080053f8       0x14 ./Core/Src/baro/bmp581.o
 .text._GLOBAL__sub_I_bmp581
                0x0800540c        0xa ./Core/Src/baro/bmp581.o
 *fill*         0x08005416        0x2 
 .text._Z11init_buzzerP17TIM_HandleTypeDef
                0x08005418       0x20 ./Core/Src/buzzer/buzzer.o
                0x08005418                init_buzzer(TIM_HandleTypeDef*)
 .text._ZL18pres_for_frequencyi
                0x08005438       0x34 ./Core/Src/buzzer/buzzer.o
 .text._Z4tonei
                0x0800546c       0x30 ./Core/Src/buzzer/buzzer.o
                0x0800546c                tone(int)
 .text._Z6noTonev
                0x0800549c       0x18 ./Core/Src/buzzer/buzzer.o
                0x0800549c                noTone()
 .text._Z14buzzer_play_okv
                0x080054b4       0xb0 ./Core/Src/buzzer/buzzer.o
                0x080054b4                buzzer_play_ok()
 .text._Z16buzzer_play_failv
                0x08005564       0x9c ./Core/Src/buzzer/buzzer.o
                0x08005564                buzzer_play_fail()
 .text._Z21init_switching_buzzerP17TIM_HandleTypeDef
                0x08005600       0x20 ./Core/Src/buzzer/switching_buzzer.o
                0x08005600                init_switching_buzzer(TIM_HandleTypeDef*)
 .text._Z25set_buzzer_switching_intvm
                0x08005620       0x44 ./Core/Src/buzzer/switching_buzzer.o
                0x08005620                set_buzzer_switching_intv(unsigned long)
 .text.HAL_TIM_PeriodElapsedCallback
                0x08005664       0x4c ./Core/Src/callbacks.o
                0x08005664                HAL_TIM_PeriodElapsedCallback
 .text.main     0x080056b0       0x42 ./Core/Src/main.o
                0x080056b0                main
 .text.SystemClock_Config
                0x080056f2       0xa2 ./Core/Src/main.o
                0x080056f2                SystemClock_Config
 .text.PeriphCommonClock_Config
                0x08005794       0x56 ./Core/Src/main.o
                0x08005794                PeriphCommonClock_Config
 *fill*         0x080057ea        0x2 
 .text.MX_ADC1_Init
                0x080057ec       0xec ./Core/Src/main.o
 .text.MX_ADC2_Init
                0x080058d8       0xc8 ./Core/Src/main.o
 .text.MX_I2C1_Init
                0x080059a0       0x80 ./Core/Src/main.o
 .text.MX_SPI1_Init
                0x08005a20       0x7c ./Core/Src/main.o
 .text.MX_SPI2_Init
                0x08005a9c       0x7c ./Core/Src/main.o
 .text.MX_TIM2_Init
                0x08005b18       0x9c ./Core/Src/main.o
 .text.MX_TIM3_Init
                0x08005bb4       0xf0 ./Core/Src/main.o
 .text.MX_USART2_UART_Init
                0x08005ca4       0x60 ./Core/Src/main.o
 .text.MX_GPIO_Init
                0x08005d04      0x148 ./Core/Src/main.o
 .text.Error_Handler
                0x08005e4c        0xc ./Core/Src/main.o
                0x08005e4c                Error_Handler
 .text._ZSt4fabsf
                0x08005e58       0x20 ./Core/Src/stm32_main.o
                0x08005e58                std::fabs(float)
 .text._ZSt5floorf
                0x08005e78       0x20 ./Core/Src/stm32_main.o
                0x08005e78                std::floor(float)
 .text._ZSt4sqrtf
                0x08005e98       0x20 ./Core/Src/stm32_main.o
                0x08005e98                std::sqrt(float)
 .text._ZL8DWT_Initv
                0x08005eb8       0x30 ./Core/Src/stm32_main.o
 .text._ZL6microsv
                0x08005ee8       0x30 ./Core/Src/stm32_main.o
 .text._ZL7Pa2altMff
                0x08005f18       0x7c ./Core/Src/stm32_main.o
 .text._ZL4normfff
                0x08005f94       0x48 ./Core/Src/stm32_main.o
 .text._ZL6millisv
                0x08005fdc        0xe ./Core/Src/stm32_main.o
 *fill*         0x08005fea        0x2 
 .text._Z25measure_databoard_voltagev
                0x08005fec      0x104 ./Core/Src/stm32_main.o
                0x08005fec                measure_databoard_voltage()
 .text.begin    0x080060f0      0x260 ./Core/Src/stm32_main.o
                0x080060f0                begin
 .text.loop     0x08006350      0x464 ./Core/Src/stm32_main.o
                0x08006350                loop
 .text._ZSt3powIfdEN9__gnu_cxx11__promote_2IT_T0_NS0_9__promoteIS2_XsrSt12__is_integerIS2_E7__valueEE6__typeENS4_IS3_XsrS5_IS3_E7__valueEE6__typeEE6__typeES2_S3_
                0x080067b4       0x3a ./Core/Src/stm32_main.o
                0x080067b4                __gnu_cxx::__promote_2<float, double, __gnu_cxx::__promote<float, std::__is_integer<float>::__value>::__type, __gnu_cxx::__promote<double, std::__is_integer<double>::__value>::__type>::__type std::pow<float, double>(float, double)
 *fill*         0x080067ee        0x2 
 .text.HAL_MspInit
                0x080067f0       0x48 ./Core/Src/stm32l4xx_hal_msp.o
                0x080067f0                HAL_MspInit
 .text.HAL_ADC_MspInit
                0x08006838      0x100 ./Core/Src/stm32l4xx_hal_msp.o
                0x08006838                HAL_ADC_MspInit
 .text.HAL_I2C_MspInit
                0x08006938       0xbc ./Core/Src/stm32l4xx_hal_msp.o
                0x08006938                HAL_I2C_MspInit
 .text.HAL_SPI_MspInit
                0x080069f4      0x160 ./Core/Src/stm32l4xx_hal_msp.o
                0x080069f4                HAL_SPI_MspInit
 .text.HAL_TIM_Base_MspInit
                0x08006b54       0x70 ./Core/Src/stm32l4xx_hal_msp.o
                0x08006b54                HAL_TIM_Base_MspInit
 .text.HAL_TIM_MspPostInit
                0x08006bc4       0x70 ./Core/Src/stm32l4xx_hal_msp.o
                0x08006bc4                HAL_TIM_MspPostInit
 .text.HAL_UART_MspInit
                0x08006c34       0xb8 ./Core/Src/stm32l4xx_hal_msp.o
                0x08006c34                HAL_UART_MspInit
 .text.NMI_Handler
                0x08006cec        0x8 ./Core/Src/stm32l4xx_it.o
                0x08006cec                NMI_Handler
 .text.HardFault_Handler
                0x08006cf4        0x8 ./Core/Src/stm32l4xx_it.o
                0x08006cf4                HardFault_Handler
 .text.MemManage_Handler
                0x08006cfc        0x8 ./Core/Src/stm32l4xx_it.o
                0x08006cfc                MemManage_Handler
 .text.BusFault_Handler
                0x08006d04        0x8 ./Core/Src/stm32l4xx_it.o
                0x08006d04                BusFault_Handler
 .text.UsageFault_Handler
                0x08006d0c        0x8 ./Core/Src/stm32l4xx_it.o
                0x08006d0c                UsageFault_Handler
 .text.SVC_Handler
                0x08006d14        0xe ./Core/Src/stm32l4xx_it.o
                0x08006d14                SVC_Handler
 .text.DebugMon_Handler
                0x08006d22        0xe ./Core/Src/stm32l4xx_it.o
                0x08006d22                DebugMon_Handler
 .text.PendSV_Handler
                0x08006d30        0xe ./Core/Src/stm32l4xx_it.o
                0x08006d30                PendSV_Handler
 .text.SysTick_Handler
                0x08006d3e        0xc ./Core/Src/stm32l4xx_it.o
                0x08006d3e                SysTick_Handler
 *fill*         0x08006d4a        0x2 
 .text.TIM2_IRQHandler
                0x08006d4c       0x14 ./Core/Src/stm32l4xx_it.o
                0x08006d4c                TIM2_IRQHandler
 .text._getpid  0x08006d60       0x10 ./Core/Src/syscalls.o
                0x08006d60                _getpid
 .text._kill    0x08006d70       0x20 ./Core/Src/syscalls.o
                0x08006d70                _kill
 .text._exit    0x08006d90       0x16 ./Core/Src/syscalls.o
                0x08006d90                _exit
 .text._close   0x08006da6       0x18 ./Core/Src/syscalls.o
                0x08006da6                _close
 .text._fstat   0x08006dbe       0x20 ./Core/Src/syscalls.o
                0x08006dbe                _fstat
 .text._isatty  0x08006dde       0x16 ./Core/Src/syscalls.o
                0x08006dde                _isatty
 .text._lseek   0x08006df4       0x1a ./Core/Src/syscalls.o
                0x08006df4                _lseek
 *fill*         0x08006e0e        0x2 
 .text._sbrk    0x08006e10       0x6c ./Core/Src/sysmem.o
                0x08006e10                _sbrk
 .text.SystemInit
                0x08006e7c       0x24 ./Core/Src/system_stm32l4xx.o
                0x08006e7c                SystemInit
 .text._ZL7Pa2altMff
                0x08006ea0       0x84 ./Core/Src/flight_control/flight_state.o
 .text._ZL4normfff
                0x08006f24       0x62 ./Core/Src/flight_control/flight_state.o
 .text._ZL6millisv
                0x08006f86        0xe ./Core/Src/flight_control/flight_state.o
 .text._Z25init_flight_state_machineRK31flight_state_machine_init_input
                0x08006f94       0x74 ./Core/Src/flight_control/flight_state.o
                0x08006f94                init_flight_state_machine(flight_state_machine_init_input const&)
 .text._Z24run_flight_state_machineRK26flight_state_machine_input
                0x08007008      0x330 ./Core/Src/flight_control/flight_state.o
                0x08007008                run_flight_state_machine(flight_state_machine_input const&)
 .text._ZN9ICM_20948C2Ev
                0x08007338       0x32 ./Core/Src/imu/ICM_20948/ICM_20948.o
                0x08007338                ICM_20948::ICM_20948()
                0x08007338                ICM_20948::ICM_20948()
 .text._ZN9ICM_2094816disableDebuggingEv
                0x0800736a       0x1a ./Core/Src/imu/ICM_20948/ICM_20948.o
                0x0800736a                ICM_20948::disableDebugging()
 .text._ZZN9ICM_2094810debugPrintEPKcENKUlS1_E_clES1_
                0x08007384       0x1a ./Core/Src/imu/ICM_20948/ICM_20948.o
 .text._ZZN9ICM_2094810debugPrintEPKcENUlS1_E_4_FUNES1_
                0x0800739e       0x1a ./Core/Src/imu/ICM_20948/ICM_20948.o
 .text._ZZN9ICM_2094810debugPrintEPKcENKUlS1_E_cvPFcS1_EEv
                0x080073b8       0x1c ./Core/Src/imu/ICM_20948/ICM_20948.o
 .text._ZN9ICM_2094810debugPrintEPKc
                0x080073d4       0x28 ./Core/Src/imu/ICM_20948/ICM_20948.o
                0x080073d4                ICM_20948::debugPrint(char const*)
 .text._ZZN9ICM_2094812debugPrintlnEPKcENKUlS1_E_clES1_
                0x080073fc       0x1a ./Core/Src/imu/ICM_20948/ICM_20948.o
 .text._ZZN9ICM_2094812debugPrintlnEPKcENUlS1_E_4_FUNES1_
                0x08007416       0x1a ./Core/Src/imu/ICM_20948/ICM_20948.o
 .text._ZZN9ICM_2094812debugPrintlnEPKcENKUlS1_E_cvPFcS1_EEv
                0x08007430       0x1c ./Core/Src/imu/ICM_20948/ICM_20948.o
 .text._ZN9ICM_2094812debugPrintlnEPKc
                0x0800744c       0x28 ./Core/Src/imu/ICM_20948/ICM_20948.o
                0x0800744c                ICM_20948::debugPrintln(char const*)
 .text._ZN9ICM_2094812doDebugPrintEPFcPKcES1_b
                0x08007474       0x56 ./Core/Src/imu/ICM_20948/ICM_20948.o
                0x08007474                ICM_20948::doDebugPrint(char (*)(char const*), char const*, bool)
 *fill*         0x080074ca        0x2 
 .text._ZN9ICM_2094811debugPrintfEi
                0x080074cc       0x28 ./Core/Src/imu/ICM_20948/ICM_20948.o
                0x080074cc                ICM_20948::debugPrintf(int)
 .text._ZN9ICM_2094816debugPrintStatusE18ICM_20948_Status_e
                0x080074f4       0x28 ./Core/Src/imu/ICM_20948/ICM_20948.o
                0x080074f4                ICM_20948::debugPrintStatus(ICM_20948_Status_e)
 .text._ZN9ICM_209487getAGMTEv
                0x0800751c       0x46 ./Core/Src/imu/ICM_20948/ICM_20948.o
                0x0800751c                ICM_20948::getAGMT()
 .text._ZN9ICM_209484magXEv
                0x08007562       0x24 ./Core/Src/imu/ICM_20948/ICM_20948.o
                0x08007562                ICM_20948::magX()
 .text._ZN9ICM_209484magYEv
                0x08007586       0x24 ./Core/Src/imu/ICM_20948/ICM_20948.o
                0x08007586                ICM_20948::magY()
 .text._ZN9ICM_209484magZEv
                0x080075aa       0x24 ./Core/Src/imu/ICM_20948/ICM_20948.o
                0x080075aa                ICM_20948::magZ()
 *fill*         0x080075ce        0x2 
 .text._ZN9ICM_209488getMagUTEs
                0x080075d0       0x50 ./Core/Src/imu/ICM_20948/ICM_20948.o
                0x080075d0                ICM_20948::getMagUT(short)
 .text._ZN9ICM_209484accXEv
                0x08007620       0x24 ./Core/Src/imu/ICM_20948/ICM_20948.o
                0x08007620                ICM_20948::accX()
 .text._ZN9ICM_209484accYEv
                0x08007644       0x24 ./Core/Src/imu/ICM_20948/ICM_20948.o
                0x08007644                ICM_20948::accY()
 .text._ZN9ICM_209484accZEv
                0x08007668       0x24 ./Core/Src/imu/ICM_20948/ICM_20948.o
                0x08007668                ICM_20948::accZ()
 *fill*         0x0800768c        0x4 
 .text._ZN9ICM_209488getAccMGEs
                0x08007690      0x120 ./Core/Src/imu/ICM_20948/ICM_20948.o
                0x08007690                ICM_20948::getAccMG(short)
 .text._ZN9ICM_209484gyrXEv
                0x080077b0       0x24 ./Core/Src/imu/ICM_20948/ICM_20948.o
                0x080077b0                ICM_20948::gyrX()
 .text._ZN9ICM_209484gyrYEv
                0x080077d4       0x24 ./Core/Src/imu/ICM_20948/ICM_20948.o
                0x080077d4                ICM_20948::gyrY()
 .text._ZN9ICM_209484gyrZEv
                0x080077f8       0x24 ./Core/Src/imu/ICM_20948/ICM_20948.o
                0x080077f8                ICM_20948::gyrZ()
 *fill*         0x0800781c        0x4 
 .text._ZN9ICM_209489getGyrDPSEs
                0x08007820       0xec ./Core/Src/imu/ICM_20948/ICM_20948.o
                0x08007820                ICM_20948::getGyrDPS(short)
 .text._ZN9ICM_209484tempEv
                0x0800790c       0x24 ./Core/Src/imu/ICM_20948/ICM_20948.o
                0x0800790c                ICM_20948::temp()
 .text._ZN9ICM_209488getTempCEs
                0x08007930       0x6c ./Core/Src/imu/ICM_20948/ICM_20948.o
                0x08007930                ICM_20948::getTempC(short)
 .text._ZN9ICM_2094812statusStringE18ICM_20948_Status_e
                0x0800799c      0x100 ./Core/Src/imu/ICM_20948/ICM_20948.o
                0x0800799c                ICM_20948::statusString(ICM_20948_Status_e)
 .text._ZN9ICM_209487setBankEh
                0x08007a9c       0x32 ./Core/Src/imu/ICM_20948/ICM_20948.o
                0x08007a9c                ICM_20948::setBank(unsigned char)
 .text._ZN9ICM_209487swResetEv
                0x08007ace       0x2a ./Core/Src/imu/ICM_20948/ICM_20948.o
                0x08007ace                ICM_20948::swReset()
 .text._ZN9ICM_209485sleepEb
                0x08007af8       0x32 ./Core/Src/imu/ICM_20948/ICM_20948.o
                0x08007af8                ICM_20948::sleep(bool)
 .text._ZN9ICM_209488lowPowerEb
                0x08007b2a       0x32 ./Core/Src/imu/ICM_20948/ICM_20948.o
                0x08007b2a                ICM_20948::lowPower(bool)
 .text._ZN9ICM_2094814setClockSourceE29ICM_20948_PWR_MGMT_1_CLKSEL_e
                0x08007b5c       0x32 ./Core/Src/imu/ICM_20948/ICM_20948.o
                0x08007b5c                ICM_20948::setClockSource(ICM_20948_PWR_MGMT_1_CLKSEL_e)
 *fill*         0x08007b8e        0x2 
 .text._ZN9ICM_209487checkIDEv
                0x08007b90       0x5c ./Core/Src/imu/ICM_20948/ICM_20948.o
                0x08007b90                ICM_20948::checkID()
 .text._ZN9ICM_209489dataReadyEv
                0x08007bec       0x34 ./Core/Src/imu/ICM_20948/ICM_20948.o
                0x08007bec                ICM_20948::dataReady()
 .text._ZN9ICM_2094813setSampleModeEhh
                0x08007c20       0x3c ./Core/Src/imu/ICM_20948/ICM_20948.o
                0x08007c20                ICM_20948::setSampleMode(unsigned char, unsigned char)
 .text._ZN9ICM_2094812setFullScaleEh15ICM_20948_fss_t
                0x08007c5c       0x34 ./Core/Src/imu/ICM_20948/ICM_20948.o
                0x08007c5c                ICM_20948::setFullScale(unsigned char, ICM_20948_fss_t)
 .text._ZN9ICM_2094810setDLPFcfgEh18ICM_20948_dlpcfg_t
                0x08007c90       0x34 ./Core/Src/imu/ICM_20948/ICM_20948.o
                0x08007c90                ICM_20948::setDLPFcfg(unsigned char, ICM_20948_dlpcfg_t)
 .text._ZN9ICM_2094810enableDLPFEhb
                0x08007cc4       0x36 ./Core/Src/imu/ICM_20948/ICM_20948.o
                0x08007cc4                ICM_20948::enableDLPF(unsigned char, bool)
 .text._ZN9ICM_2094813setSampleRateEh18ICM_20948_smplrt_t
                0x08007cfa       0x34 ./Core/Src/imu/ICM_20948/ICM_20948.o
                0x08007cfa                ICM_20948::setSampleRate(unsigned char, ICM_20948_smplrt_t)
 .text._ZN9ICM_2094821intEnableRawDataReadyEb
                0x08007d2e       0x9c ./Core/Src/imu/ICM_20948/ICM_20948.o
                0x08007d2e                ICM_20948::intEnableRawDataReady(bool)
 .text._ZN9ICM_2094820i2cMasterPassthroughEb
                0x08007dca       0x32 ./Core/Src/imu/ICM_20948/ICM_20948.o
                0x08007dca                ICM_20948::i2cMasterPassthrough(bool)
 .text._ZN9ICM_2094815i2cMasterEnableEb
                0x08007dfc       0x32 ./Core/Src/imu/ICM_20948/ICM_20948.o
                0x08007dfc                ICM_20948::i2cMasterEnable(bool)
 .text._ZN9ICM_2094814i2cMasterResetEv
                0x08007e2e       0x2a ./Core/Src/imu/ICM_20948/ICM_20948.o
                0x08007e2e                ICM_20948::i2cMasterReset()
 .text._ZN9ICM_2094832i2cControllerConfigurePeripheralEhhhhbbbbbh
                0x08007e58       0x68 ./Core/Src/imu/ICM_20948/ICM_20948.o
                0x08007e58                ICM_20948::i2cControllerConfigurePeripheral(unsigned char, unsigned char, unsigned char, unsigned char, bool, bool, bool, bool, bool, unsigned char)
 .text._ZN9ICM_2094816i2cMasterSingleWEhhh
                0x08007ec0       0x40 ./Core/Src/imu/ICM_20948/ICM_20948.o
                0x08007ec0                ICM_20948::i2cMasterSingleW(unsigned char, unsigned char, unsigned char)
 .text._ZN9ICM_2094816i2cMasterSingleREhh
                0x08007f00       0x68 ./Core/Src/imu/ICM_20948/ICM_20948.o
                0x08007f00                ICM_20948::i2cMasterSingleR(unsigned char, unsigned char)
 .text._ZN9ICM_2094814startupDefaultEb
                0x08007f68      0x2e4 ./Core/Src/imu/ICM_20948/ICM_20948.o
                0x08007f68                ICM_20948::startupDefault(bool)
 .text._ZN9ICM_209485writeEhPhm
                0x0800824c       0x36 ./Core/Src/imu/ICM_20948/ICM_20948.o
                0x0800824c                ICM_20948::write(unsigned char, unsigned char*, unsigned long)
 .text._ZN9ICM_209487readMagE18AK09916_Reg_Addr_e
                0x08008282       0x26 ./Core/Src/imu/ICM_20948/ICM_20948.o
                0x08008282                ICM_20948::readMag(AK09916_Reg_Addr_e)
 .text._ZN9ICM_209488writeMagE18AK09916_Reg_Addr_ePh
                0x080082a8       0x34 ./Core/Src/imu/ICM_20948/ICM_20948.o
                0x080082a8                ICM_20948::writeMag(AK09916_Reg_Addr_e, unsigned char*)
 .text._ZN9ICM_209488resetMagEv
                0x080082dc       0x30 ./Core/Src/imu/ICM_20948/ICM_20948.o
                0x080082dc                ICM_20948::resetMag()
 .text._ZN9ICM_2094810enableFIFOEb
                0x0800830c       0x32 ./Core/Src/imu/ICM_20948/ICM_20948.o
                0x0800830c                ICM_20948::enableFIFO(bool)
 .text._ZN9ICM_209489resetFIFOEv
                0x0800833e       0x2a ./Core/Src/imu/ICM_20948/ICM_20948.o
                0x0800833e                ICM_20948::resetFIFO()
 .text._ZN9ICM_209489enableDMPEb
                0x08008368       0x48 ./Core/Src/imu/ICM_20948/ICM_20948.o
                0x08008368                ICM_20948::enableDMP(bool)
 .text._ZN9ICM_209488resetDMPEv
                0x080083b0       0x2a ./Core/Src/imu/ICM_20948/ICM_20948.o
                0x080083b0                ICM_20948::resetDMP()
 .text._ZN9ICM_2094815loadDMPFirmwareEv
                0x080083da       0x36 ./Core/Src/imu/ICM_20948/ICM_20948.o
                0x080083da                ICM_20948::loadDMPFirmware()
 .text._ZN9ICM_2094818setDMPstartAddressEt
                0x08008410       0x3e ./Core/Src/imu/ICM_20948/ICM_20948.o
                0x08008410                ICM_20948::setDMPstartAddress(unsigned short)
 *fill*         0x0800844e        0x2 
 .text._ZN9ICM_2094815enableDMPSensorE19inv_icm20948_sensorb
                0x08008450       0xd0 ./Core/Src/imu/ICM_20948/ICM_20948.o
                0x08008450                ICM_20948::enableDMPSensor(inv_icm20948_sensor, bool)
 .text._ZN9ICM_2094812writeDMPmemsEtjPKh
                0x08008520       0x42 ./Core/Src/imu/ICM_20948/ICM_20948.o
                0x08008520                ICM_20948::writeDMPmems(unsigned short, unsigned int, unsigned char const*)
 .text._ZN9ICM_2094813setDMPODRrateE17DMP_ODR_Registersi
                0x08008562       0x42 ./Core/Src/imu/ICM_20948/ICM_20948.o
                0x08008562                ICM_20948::setDMPODRrate(DMP_ODR_Registers, int)
 .text._ZN9ICM_2094819readDMPdataFromFIFOEP20icm_20948_DMP_data_t
                0x080085a4       0x3a ./Core/Src/imu/ICM_20948/ICM_20948.o
                0x080085a4                ICM_20948::readDMPdataFromFIFO(icm_20948_DMP_data_t*)
 *fill*         0x080085de        0x2 
 .text._ZN9ICM_209489setGyroSFEhi
                0x080085e0       0x80 ./Core/Src/imu/ICM_20948/ICM_20948.o
                0x080085e0                ICM_20948::setGyroSF(unsigned char, int)
 .text._ZN9ICM_2094813initializeDMPEv
                0x08008660      0x8f8 ./Core/Src/imu/ICM_20948/ICM_20948.o
                0x08008660                ICM_20948::initializeDMP()
 .text._ZN13ICM_20948_I2CC2Ev
                0x08008f58       0x28 ./Core/Src/imu/ICM_20948/ICM_20948.o
                0x08008f58                ICM_20948_I2C::ICM_20948_I2C()
                0x08008f58                ICM_20948_I2C::ICM_20948_I2C()
 .text._ZN13ICM_20948_I2C5beginEP19__I2C_HandleTypeDef
                0x08008f80       0xdc ./Core/Src/imu/ICM_20948/ICM_20948.o
                0x08008f80                ICM_20948_I2C::begin(__I2C_HandleTypeDef*)
 .text._ZN9ICM_2094819startupMagnetometerEb
                0x0800905c      0x1b4 ./Core/Src/imu/ICM_20948/ICM_20948.o
                0x0800905c                ICM_20948::startupMagnetometer(bool)
 .text._ZN9ICM_209489magWhoIAmEv
                0x08009210      0x138 ./Core/Src/imu/ICM_20948/ICM_20948.o
                0x08009210                ICM_20948::magWhoIAm()
 .text._Z19ICM_20948_write_I2ChPhmPv
                0x08009348       0x60 ./Core/Src/imu/ICM_20948/ICM_20948.o
                0x08009348                ICM_20948_write_I2C(unsigned char, unsigned char*, unsigned long, void*)
 .text._Z18ICM_20948_read_I2ChPhmPv
                0x080093a8       0x74 ./Core/Src/imu/ICM_20948/ICM_20948.o
                0x080093a8                ICM_20948_read_I2C(unsigned char, unsigned char*, unsigned long, void*)
 .text._Z8init_imuP19__I2C_HandleTypeDef
                0x0800941c      0x11c ./Core/Src/imu/icm20948.o
                0x0800941c                init_imu(__I2C_HandleTypeDef*)
 .text._Z22imu_is_agmt_data_readyv
                0x08009538       0x14 ./Core/Src/imu/icm20948.o
                0x08009538                imu_is_agmt_data_ready()
 .text._Z12imu_get_agmtP15icm20948_agmt_t
                0x0800954c       0xc4 ./Core/Src/imu/icm20948.o
                0x0800954c                imu_get_agmt(icm20948_agmt_t*)
 .text._Z16imu_get_dmp_dataP20icm_20948_DMP_data_t
                0x08009610       0x34 ./Core/Src/imu/icm20948.o
                0x08009610                imu_get_dmp_data(icm_20948_DMP_data_t*)
 .text._Z28get_quaternion_from_dmp_dataRK20icm_20948_DMP_data_tP19icm20948_dmp_quat_t
                0x08009644      0x110 ./Core/Src/imu/icm20948.o
                0x08009644                get_quaternion_from_dmp_data(icm_20948_DMP_data_t const&, icm20948_dmp_quat_t*)
 .text._Z41__static_initialization_and_destruction_0v
                0x08009754       0x14 ./Core/Src/imu/icm20948.o
 .text._GLOBAL__sub_I_icm20948
                0x08009768        0xa ./Core/Src/imu/icm20948.o
 *fill*         0x08009772        0x2 
 .text._write   0x08009774       0x2c ./Core/Src/util/stm32_uart_stdio.o
                0x08009774                _write
 .text._read    0x080097a0       0x2c ./Core/Src/util/stm32_uart_stdio.o
                0x080097a0                _read
 .text._Z10init_stdiov
                0x080097cc       0x2c ./Core/Src/util/stm32_uart_stdio.o
                0x080097cc                init_stdio()
 .text.Reset_Handler
                0x080097f8       0x50 ./Core/Startup/startup_stm32l476rgtx.o
                0x080097f8                Reset_Handler
 .text.Default_Handler
                0x08009848        0x2 ./Core/Startup/startup_stm32l476rgtx.o
                0x08009848                RTC_Alarm_IRQHandler
                0x08009848                EXTI2_IRQHandler
                0x08009848                TIM8_TRG_COM_IRQHandler
                0x08009848                TIM8_CC_IRQHandler
                0x08009848                TIM1_CC_IRQHandler
                0x08009848                TSC_IRQHandler
                0x08009848                TAMP_STAMP_IRQHandler
                0x08009848                EXTI3_IRQHandler
                0x08009848                LPTIM2_IRQHandler
                0x08009848                DFSDM1_FLT1_IRQHandler
                0x08009848                I2C3_ER_IRQHandler
                0x08009848                DFSDM1_FLT2_IRQHandler
                0x08009848                EXTI0_IRQHandler
                0x08009848                I2C2_EV_IRQHandler
                0x08009848                CAN1_RX0_IRQHandler
                0x08009848                FPU_IRQHandler
                0x08009848                TIM1_UP_TIM16_IRQHandler
                0x08009848                ADC1_2_IRQHandler
                0x08009848                SPI1_IRQHandler
                0x08009848                TIM6_DAC_IRQHandler
                0x08009848                TIM8_UP_IRQHandler
                0x08009848                DMA2_Channel2_IRQHandler
                0x08009848                DMA1_Channel4_IRQHandler
                0x08009848                SAI2_IRQHandler
                0x08009848                DFSDM1_FLT3_IRQHandler
                0x08009848                USART3_IRQHandler
                0x08009848                DMA1_Channel7_IRQHandler
                0x08009848                CAN1_RX1_IRQHandler
                0x08009848                LCD_IRQHandler
                0x08009848                UART5_IRQHandler
                0x08009848                ADC3_IRQHandler
                0x08009848                TIM4_IRQHandler
                0x08009848                DMA2_Channel1_IRQHandler
                0x08009848                QUADSPI_IRQHandler
                0x08009848                I2C1_EV_IRQHandler
                0x08009848                DMA1_Channel6_IRQHandler
                0x08009848                UART4_IRQHandler
                0x08009848                DMA2_Channel4_IRQHandler
                0x08009848                TIM3_IRQHandler
                0x08009848                RCC_IRQHandler
                0x08009848                DMA1_Channel1_IRQHandler
                0x08009848                Default_Handler
                0x08009848                DMA2_Channel7_IRQHandler
                0x08009848                EXTI15_10_IRQHandler
                0x08009848                TIM7_IRQHandler
                0x08009848                SDMMC1_IRQHandler
                0x08009848                TIM5_IRQHandler
                0x08009848                I2C3_EV_IRQHandler
                0x08009848                EXTI9_5_IRQHandler
                0x08009848                RTC_WKUP_IRQHandler
                0x08009848                PVD_PVM_IRQHandler
                0x08009848                SPI2_IRQHandler
                0x08009848                CAN1_TX_IRQHandler
                0x08009848                DMA2_Channel5_IRQHandler
                0x08009848                DMA1_Channel5_IRQHandler
                0x08009848                EXTI4_IRQHandler
                0x08009848                RNG_IRQHandler
                0x08009848                TIM1_TRG_COM_TIM17_IRQHandler
                0x08009848                DMA1_Channel3_IRQHandler
                0x08009848                COMP_IRQHandler
                0x08009848                WWDG_IRQHandler
                0x08009848                LPUART1_IRQHandler
                0x08009848                DMA2_Channel6_IRQHandler
                0x08009848                EXTI1_IRQHandler
                0x08009848                USART2_IRQHandler
                0x08009848                DFSDM1_FLT0_IRQHandler
                0x08009848                I2C2_ER_IRQHandler
                0x08009848                DMA1_Channel2_IRQHandler
                0x08009848                TIM8_BRK_IRQHandler
                0x08009848                CAN1_SCE_IRQHandler
                0x08009848                FLASH_IRQHandler
                0x08009848                USART1_IRQHandler
                0x08009848                OTG_FS_IRQHandler
                0x08009848                SPI3_IRQHandler
                0x08009848                I2C1_ER_IRQHandler
                0x08009848                FMC_IRQHandler
                0x08009848                SWPMI1_IRQHandler
                0x08009848                LPTIM1_IRQHandler
                0x08009848                SAI1_IRQHandler
                0x08009848                DMA2_Channel3_IRQHandler
                0x08009848                TIM1_BRK_TIM15_IRQHandler
 *fill*         0x0800984a        0x2 
 .text.HAL_Init
                0x0800984c       0x40 ./Drivers/STM32L4xx_HAL_Driver/Src/stm32l4xx_hal.o
                0x0800984c                HAL_Init
 .text.HAL_InitTick
                0x0800988c       0x78 ./Drivers/STM32L4xx_HAL_Driver/Src/stm32l4xx_hal.o
                0x0800988c                HAL_InitTick
 .text.HAL_IncTick
                0x08009904       0x28 ./Drivers/STM32L4xx_HAL_Driver/Src/stm32l4xx_hal.o
                0x08009904                HAL_IncTick
 .text.HAL_GetTick
                0x0800992c       0x18 ./Drivers/STM32L4xx_HAL_Driver/Src/stm32l4xx_hal.o
                0x0800992c                HAL_GetTick
 .text.HAL_Delay
                0x08009944       0x48 ./Drivers/STM32L4xx_HAL_Driver/Src/stm32l4xx_hal.o
                0x08009944                HAL_Delay
 .text.LL_ADC_SetCommonClock
                0x0800998c       0x26 ./Drivers/STM32L4xx_HAL_Driver/Src/stm32l4xx_hal_adc.o
 .text.LL_ADC_SetCommonPathInternalCh
                0x080099b2       0x26 ./Drivers/STM32L4xx_HAL_Driver/Src/stm32l4xx_hal_adc.o
 .text.LL_ADC_GetCommonPathInternalCh
                0x080099d8       0x1c ./Drivers/STM32L4xx_HAL_Driver/Src/stm32l4xx_hal_adc.o
 .text.LL_ADC_SetOffset
                0x080099f4       0x48 ./Drivers/STM32L4xx_HAL_Driver/Src/stm32l4xx_hal_adc.o
 .text.LL_ADC_GetOffsetChannel
                0x08009a3c       0x2c ./Drivers/STM32L4xx_HAL_Driver/Src/stm32l4xx_hal_adc.o
 .text.LL_ADC_SetOffsetState
                0x08009a68       0x36 ./Drivers/STM32L4xx_HAL_Driver/Src/stm32l4xx_hal_adc.o
 .text.LL_ADC_REG_IsTriggerSourceSWStart
                0x08009a9e       0x26 ./Drivers/STM32L4xx_HAL_Driver/Src/stm32l4xx_hal_adc.o
 .text.LL_ADC_REG_SetSequencerRanks
                0x08009ac4       0x58 ./Drivers/STM32L4xx_HAL_Driver/Src/stm32l4xx_hal_adc.o
 .text.LL_ADC_SetChannelSamplingTime
                0x08009b1c       0x56 ./Drivers/STM32L4xx_HAL_Driver/Src/stm32l4xx_hal_adc.o
 *fill*         0x08009b72        0x2 
 .text.LL_ADC_SetChannelSingleDiff
                0x08009b74       0x48 ./Drivers/STM32L4xx_HAL_Driver/Src/stm32l4xx_hal_adc.o
 .text.LL_ADC_GetMultimode
                0x08009bbc       0x1c ./Drivers/STM32L4xx_HAL_Driver/Src/stm32l4xx_hal_adc.o
 .text.LL_ADC_GetMultiDMATransfer
                0x08009bd8       0x1c ./Drivers/STM32L4xx_HAL_Driver/Src/stm32l4xx_hal_adc.o
 .text.LL_ADC_DisableDeepPowerDown
                0x08009bf4       0x24 ./Drivers/STM32L4xx_HAL_Driver/Src/stm32l4xx_hal_adc.o
 .text.LL_ADC_IsDeepPowerDownEnabled
                0x08009c18       0x28 ./Drivers/STM32L4xx_HAL_Driver/Src/stm32l4xx_hal_adc.o
 .text.LL_ADC_EnableInternalRegulator
                0x08009c40       0x28 ./Drivers/STM32L4xx_HAL_Driver/Src/stm32l4xx_hal_adc.o
 .text.LL_ADC_IsInternalRegulatorEnabled
                0x08009c68       0x28 ./Drivers/STM32L4xx_HAL_Driver/Src/stm32l4xx_hal_adc.o
 .text.LL_ADC_Enable
                0x08009c90       0x28 ./Drivers/STM32L4xx_HAL_Driver/Src/stm32l4xx_hal_adc.o
 .text.LL_ADC_Disable
                0x08009cb8       0x28 ./Drivers/STM32L4xx_HAL_Driver/Src/stm32l4xx_hal_adc.o
 .text.LL_ADC_IsEnabled
                0x08009ce0       0x26 ./Drivers/STM32L4xx_HAL_Driver/Src/stm32l4xx_hal_adc.o
 .text.LL_ADC_IsDisableOngoing
                0x08009d06       0x26 ./Drivers/STM32L4xx_HAL_Driver/Src/stm32l4xx_hal_adc.o
 .text.LL_ADC_REG_StartConversion
                0x08009d2c       0x28 ./Drivers/STM32L4xx_HAL_Driver/Src/stm32l4xx_hal_adc.o
 .text.LL_ADC_REG_StopConversion
                0x08009d54       0x28 ./Drivers/STM32L4xx_HAL_Driver/Src/stm32l4xx_hal_adc.o
 .text.LL_ADC_REG_IsConversionOngoing
                0x08009d7c       0x26 ./Drivers/STM32L4xx_HAL_Driver/Src/stm32l4xx_hal_adc.o
 .text.LL_ADC_INJ_StopConversion
                0x08009da2       0x28 ./Drivers/STM32L4xx_HAL_Driver/Src/stm32l4xx_hal_adc.o
 .text.LL_ADC_INJ_IsConversionOngoing
                0x08009dca       0x26 ./Drivers/STM32L4xx_HAL_Driver/Src/stm32l4xx_hal_adc.o
 .text.HAL_ADC_Init
                0x08009df0      0x2a0 ./Drivers/STM32L4xx_HAL_Driver/Src/stm32l4xx_hal_adc.o
                0x08009df0                HAL_ADC_Init
 .text.HAL_ADC_Start
                0x0800a090      0x174 ./Drivers/STM32L4xx_HAL_Driver/Src/stm32l4xx_hal_adc.o
                0x0800a090                HAL_ADC_Start
 .text.HAL_ADC_Stop
                0x0800a204       0x66 ./Drivers/STM32L4xx_HAL_Driver/Src/stm32l4xx_hal_adc.o
                0x0800a204                HAL_ADC_Stop
 *fill*         0x0800a26a        0x2 
 .text.HAL_ADC_PollForConversion
                0x0800a26c      0x1b0 ./Drivers/STM32L4xx_HAL_Driver/Src/stm32l4xx_hal_adc.o
                0x0800a26c                HAL_ADC_PollForConversion
 .text.HAL_ADC_GetValue
                0x0800a41c       0x1a ./Drivers/STM32L4xx_HAL_Driver/Src/stm32l4xx_hal_adc.o
                0x0800a41c                HAL_ADC_GetValue
 *fill*         0x0800a436        0x2 
 .text.HAL_ADC_ConfigChannel
                0x0800a438      0x7e4 ./Drivers/STM32L4xx_HAL_Driver/Src/stm32l4xx_hal_adc.o
                0x0800a438                HAL_ADC_ConfigChannel
 .text.ADC_ConversionStop
                0x0800ac1c      0x178 ./Drivers/STM32L4xx_HAL_Driver/Src/stm32l4xx_hal_adc.o
                0x0800ac1c                ADC_ConversionStop
 .text.ADC_Enable
                0x0800ad94      0x10c ./Drivers/STM32L4xx_HAL_Driver/Src/stm32l4xx_hal_adc.o
                0x0800ad94                ADC_Enable
 .text.ADC_Disable
                0x0800aea0       0xbe ./Drivers/STM32L4xx_HAL_Driver/Src/stm32l4xx_hal_adc.o
                0x0800aea0                ADC_Disable
 .text.LL_ADC_IsEnabled
                0x0800af5e       0x26 ./Drivers/STM32L4xx_HAL_Driver/Src/stm32l4xx_hal_adc_ex.o
 .text.LL_ADC_StartCalibration
                0x0800af84       0x32 ./Drivers/STM32L4xx_HAL_Driver/Src/stm32l4xx_hal_adc_ex.o
 .text.LL_ADC_IsCalibrationOnGoing
                0x0800afb6       0x28 ./Drivers/STM32L4xx_HAL_Driver/Src/stm32l4xx_hal_adc_ex.o
 .text.LL_ADC_REG_IsConversionOngoing
                0x0800afde       0x26 ./Drivers/STM32L4xx_HAL_Driver/Src/stm32l4xx_hal_adc_ex.o
 .text.HAL_ADCEx_Calibration_Start
                0x0800b004       0xc0 ./Drivers/STM32L4xx_HAL_Driver/Src/stm32l4xx_hal_adc_ex.o
                0x0800b004                HAL_ADCEx_Calibration_Start
 .text.HAL_ADCEx_MultiModeConfigChannel
                0x0800b0c4      0x160 ./Drivers/STM32L4xx_HAL_Driver/Src/stm32l4xx_hal_adc_ex.o
                0x0800b0c4                HAL_ADCEx_MultiModeConfigChannel
 .text.__NVIC_SetPriorityGrouping
                0x0800b224       0x48 ./Drivers/STM32L4xx_HAL_Driver/Src/stm32l4xx_hal_cortex.o
 .text.__NVIC_GetPriorityGrouping
                0x0800b26c       0x1c ./Drivers/STM32L4xx_HAL_Driver/Src/stm32l4xx_hal_cortex.o
 .text.__NVIC_EnableIRQ
                0x0800b288       0x3c ./Drivers/STM32L4xx_HAL_Driver/Src/stm32l4xx_hal_cortex.o
 .text.__NVIC_SetPriority
                0x0800b2c4       0x54 ./Drivers/STM32L4xx_HAL_Driver/Src/stm32l4xx_hal_cortex.o
 .text.NVIC_EncodePriority
                0x0800b318       0x66 ./Drivers/STM32L4xx_HAL_Driver/Src/stm32l4xx_hal_cortex.o
 *fill*         0x0800b37e        0x2 
 .text.SysTick_Config
                0x0800b380       0x44 ./Drivers/STM32L4xx_HAL_Driver/Src/stm32l4xx_hal_cortex.o
 .text.HAL_NVIC_SetPriorityGrouping
                0x0800b3c4       0x16 ./Drivers/STM32L4xx_HAL_Driver/Src/stm32l4xx_hal_cortex.o
                0x0800b3c4                HAL_NVIC_SetPriorityGrouping
 .text.HAL_NVIC_SetPriority
                0x0800b3da       0x38 ./Drivers/STM32L4xx_HAL_Driver/Src/stm32l4xx_hal_cortex.o
                0x0800b3da                HAL_NVIC_SetPriority
 .text.HAL_NVIC_EnableIRQ
                0x0800b412       0x1c ./Drivers/STM32L4xx_HAL_Driver/Src/stm32l4xx_hal_cortex.o
                0x0800b412                HAL_NVIC_EnableIRQ
 .text.HAL_SYSTICK_Config
                0x0800b42e       0x18 ./Drivers/STM32L4xx_HAL_Driver/Src/stm32l4xx_hal_cortex.o
                0x0800b42e                HAL_SYSTICK_Config
 *fill*         0x0800b446        0x2 
 .text.HAL_GPIO_Init
                0x0800b448      0x354 ./Drivers/STM32L4xx_HAL_Driver/Src/stm32l4xx_hal_gpio.o
                0x0800b448                HAL_GPIO_Init
 .text.HAL_GPIO_ReadPin
                0x0800b79c       0x30 ./Drivers/STM32L4xx_HAL_Driver/Src/stm32l4xx_hal_gpio.o
                0x0800b79c                HAL_GPIO_ReadPin
 .text.HAL_GPIO_WritePin
                0x0800b7cc       0x30 ./Drivers/STM32L4xx_HAL_Driver/Src/stm32l4xx_hal_gpio.o
                0x0800b7cc                HAL_GPIO_WritePin
 .text.HAL_I2C_Init
                0x0800b7fc      0x136 ./Drivers/STM32L4xx_HAL_Driver/Src/stm32l4xx_hal_i2c.o
                0x0800b7fc                HAL_I2C_Init
 *fill*         0x0800b932        0x2 
 .text.HAL_I2C_Mem_Write
                0x0800b934      0x228 ./Drivers/STM32L4xx_HAL_Driver/Src/stm32l4xx_hal_i2c.o
                0x0800b934                HAL_I2C_Mem_Write
 .text.HAL_I2C_Mem_Read
                0x0800bb5c      0x234 ./Drivers/STM32L4xx_HAL_Driver/Src/stm32l4xx_hal_i2c.o
                0x0800bb5c                HAL_I2C_Mem_Read
 .text.I2C_RequestMemoryWrite
                0x0800bd90       0xa8 ./Drivers/STM32L4xx_HAL_Driver/Src/stm32l4xx_hal_i2c.o
 .text.I2C_RequestMemoryRead
                0x0800be38       0xa8 ./Drivers/STM32L4xx_HAL_Driver/Src/stm32l4xx_hal_i2c.o
 .text.I2C_Flush_TXDR
                0x0800bee0       0x48 ./Drivers/STM32L4xx_HAL_Driver/Src/stm32l4xx_hal_i2c.o
 .text.I2C_WaitOnFlagUntilTimeout
                0x0800bf28       0xb2 ./Drivers/STM32L4xx_HAL_Driver/Src/stm32l4xx_hal_i2c.o
 .text.I2C_WaitOnTXISFlagUntilTimeout
                0x0800bfda       0x8e ./Drivers/STM32L4xx_HAL_Driver/Src/stm32l4xx_hal_i2c.o
 .text.I2C_WaitOnSTOPFlagUntilTimeout
                0x0800c068       0x86 ./Drivers/STM32L4xx_HAL_Driver/Src/stm32l4xx_hal_i2c.o
 *fill*         0x0800c0ee        0x2 
 .text.I2C_IsErrorOccurred
                0x0800c0f0      0x1c0 ./Drivers/STM32L4xx_HAL_Driver/Src/stm32l4xx_hal_i2c.o
 .text.I2C_TransferConfig
                0x0800c2b0       0x64 ./Drivers/STM32L4xx_HAL_Driver/Src/stm32l4xx_hal_i2c.o
 .text.HAL_I2CEx_ConfigAnalogFilter
                0x0800c314       0x96 ./Drivers/STM32L4xx_HAL_Driver/Src/stm32l4xx_hal_i2c_ex.o
                0x0800c314                HAL_I2CEx_ConfigAnalogFilter
 .text.HAL_I2CEx_ConfigDigitalFilter
                0x0800c3aa       0x98 ./Drivers/STM32L4xx_HAL_Driver/Src/stm32l4xx_hal_i2c_ex.o
                0x0800c3aa                HAL_I2CEx_ConfigDigitalFilter
 *fill*         0x0800c442        0x2 
 .text.HAL_PWREx_GetVoltageRange
                0x0800c444       0x1c ./Drivers/STM32L4xx_HAL_Driver/Src/stm32l4xx_hal_pwr_ex.o
                0x0800c444                HAL_PWREx_GetVoltageRange
 .text.HAL_PWREx_ControlVoltageScaling
                0x0800c460       0xac ./Drivers/STM32L4xx_HAL_Driver/Src/stm32l4xx_hal_pwr_ex.o
                0x0800c460                HAL_PWREx_ControlVoltageScaling
 .text.HAL_RCC_OscConfig
                0x0800c50c      0x7b8 ./Drivers/STM32L4xx_HAL_Driver/Src/stm32l4xx_hal_rcc.o
                0x0800c50c                HAL_RCC_OscConfig
 .text.HAL_RCC_ClockConfig
                0x0800ccc4      0x200 ./Drivers/STM32L4xx_HAL_Driver/Src/stm32l4xx_hal_rcc.o
                0x0800ccc4                HAL_RCC_ClockConfig
 .text.HAL_RCC_GetSysClockFreq
                0x0800cec4      0x118 ./Drivers/STM32L4xx_HAL_Driver/Src/stm32l4xx_hal_rcc.o
                0x0800cec4                HAL_RCC_GetSysClockFreq
 .text.HAL_RCC_GetHCLKFreq
                0x0800cfdc       0x18 ./Drivers/STM32L4xx_HAL_Driver/Src/stm32l4xx_hal_rcc.o
                0x0800cfdc                HAL_RCC_GetHCLKFreq
 .text.HAL_RCC_GetPCLK1Freq
                0x0800cff4       0x2c ./Drivers/STM32L4xx_HAL_Driver/Src/stm32l4xx_hal_rcc.o
                0x0800cff4                HAL_RCC_GetPCLK1Freq
 .text.HAL_RCC_GetPCLK2Freq
                0x0800d020       0x2c ./Drivers/STM32L4xx_HAL_Driver/Src/stm32l4xx_hal_rcc.o
                0x0800d020                HAL_RCC_GetPCLK2Freq
 .text.RCC_SetFlashLatencyFromMSIRange
                0x0800d04c       0xc0 ./Drivers/STM32L4xx_HAL_Driver/Src/stm32l4xx_hal_rcc.o
 .text.HAL_RCCEx_PeriphCLKConfig
                0x0800d10c      0x5d4 ./Drivers/STM32L4xx_HAL_Driver/Src/stm32l4xx_hal_rcc_ex.o
                0x0800d10c                HAL_RCCEx_PeriphCLKConfig
 .text.RCCEx_PLLSAI1_Config
                0x0800d6e0      0x1e8 ./Drivers/STM32L4xx_HAL_Driver/Src/stm32l4xx_hal_rcc_ex.o
 .text.RCCEx_PLLSAI2_Config
                0x0800d8c8      0x1bc ./Drivers/STM32L4xx_HAL_Driver/Src/stm32l4xx_hal_rcc_ex.o
 .text.HAL_SPI_Init
                0x0800da84      0x146 ./Drivers/STM32L4xx_HAL_Driver/Src/stm32l4xx_hal_spi.o
                0x0800da84                HAL_SPI_Init
 .text.HAL_SPI_Transmit
                0x0800dbca      0x2ec ./Drivers/STM32L4xx_HAL_Driver/Src/stm32l4xx_hal_spi.o
                0x0800dbca                HAL_SPI_Transmit
 .text.HAL_SPI_Receive
                0x0800deb6      0x270 ./Drivers/STM32L4xx_HAL_Driver/Src/stm32l4xx_hal_spi.o
                0x0800deb6                HAL_SPI_Receive
 .text.HAL_SPI_TransmitReceive
                0x0800e126      0x43e ./Drivers/STM32L4xx_HAL_Driver/Src/stm32l4xx_hal_spi.o
                0x0800e126                HAL_SPI_TransmitReceive
 .text.HAL_SPI_GetState
                0x0800e564       0x1c ./Drivers/STM32L4xx_HAL_Driver/Src/stm32l4xx_hal_spi.o
                0x0800e564                HAL_SPI_GetState
 .text.SPI_WaitFlagStateUntilTimeout
                0x0800e580      0x110 ./Drivers/STM32L4xx_HAL_Driver/Src/stm32l4xx_hal_spi.o
 .text.SPI_WaitFifoStateUntilTimeout
                0x0800e690      0x12c ./Drivers/STM32L4xx_HAL_Driver/Src/stm32l4xx_hal_spi.o
 .text.SPI_EndRxTransaction
                0x0800e7bc       0xb0 ./Drivers/STM32L4xx_HAL_Driver/Src/stm32l4xx_hal_spi.o
 .text.SPI_EndRxTxTransaction
                0x0800e86c       0x8c ./Drivers/STM32L4xx_HAL_Driver/Src/stm32l4xx_hal_spi.o
 .text.HAL_TIM_Base_Init
                0x0800e8f8       0xae ./Drivers/STM32L4xx_HAL_Driver/Src/stm32l4xx_hal_tim.o
                0x0800e8f8                HAL_TIM_Base_Init
 *fill*         0x0800e9a6        0x2 
 .text.HAL_TIM_Base_Start_IT
                0x0800e9a8       0xe0 ./Drivers/STM32L4xx_HAL_Driver/Src/stm32l4xx_hal_tim.o
                0x0800e9a8                HAL_TIM_Base_Start_IT
 .text.HAL_TIM_Base_Stop_IT
                0x0800ea88       0x60 ./Drivers/STM32L4xx_HAL_Driver/Src/stm32l4xx_hal_tim.o
                0x0800ea88                HAL_TIM_Base_Stop_IT
 .text.HAL_TIM_PWM_Init
                0x0800eae8       0xae ./Drivers/STM32L4xx_HAL_Driver/Src/stm32l4xx_hal_tim.o
                0x0800eae8                HAL_TIM_PWM_Init
 .text.HAL_TIM_PWM_MspInit
                0x0800eb96       0x14 ./Drivers/STM32L4xx_HAL_Driver/Src/stm32l4xx_hal_tim.o
                0x0800eb96                HAL_TIM_PWM_MspInit
 *fill*         0x0800ebaa        0x2 
 .text.HAL_TIM_PWM_Start
                0x0800ebac      0x20c ./Drivers/STM32L4xx_HAL_Driver/Src/stm32l4xx_hal_tim.o
                0x0800ebac                HAL_TIM_PWM_Start
 .text.HAL_TIM_PWM_Stop
                0x0800edb8      0x130 ./Drivers/STM32L4xx_HAL_Driver/Src/stm32l4xx_hal_tim.o
                0x0800edb8                HAL_TIM_PWM_Stop
 .text.HAL_TIM_IRQHandler
                0x0800eee8      0x20e ./Drivers/STM32L4xx_HAL_Driver/Src/stm32l4xx_hal_tim.o
                0x0800eee8                HAL_TIM_IRQHandler
 *fill*         0x0800f0f6        0x2 
 .text.HAL_TIM_PWM_ConfigChannel
                0x0800f0f8      0x228 ./Drivers/STM32L4xx_HAL_Driver/Src/stm32l4xx_hal_tim.o
                0x0800f0f8                HAL_TIM_PWM_ConfigChannel
 .text.HAL_TIM_ConfigClockSource
                0x0800f320      0x192 ./Drivers/STM32L4xx_HAL_Driver/Src/stm32l4xx_hal_tim.o
                0x0800f320                HAL_TIM_ConfigClockSource
 .text.HAL_TIM_OC_DelayElapsedCallback
                0x0800f4b2       0x14 ./Drivers/STM32L4xx_HAL_Driver/Src/stm32l4xx_hal_tim.o
                0x0800f4b2                HAL_TIM_OC_DelayElapsedCallback
 .text.HAL_TIM_IC_CaptureCallback
                0x0800f4c6       0x14 ./Drivers/STM32L4xx_HAL_Driver/Src/stm32l4xx_hal_tim.o
                0x0800f4c6                HAL_TIM_IC_CaptureCallback
 .text.HAL_TIM_PWM_PulseFinishedCallback
                0x0800f4da       0x14 ./Drivers/STM32L4xx_HAL_Driver/Src/stm32l4xx_hal_tim.o
                0x0800f4da                HAL_TIM_PWM_PulseFinishedCallback
 .text.HAL_TIM_TriggerCallback
                0x0800f4ee       0x14 ./Drivers/STM32L4xx_HAL_Driver/Src/stm32l4xx_hal_tim.o
                0x0800f4ee                HAL_TIM_TriggerCallback
 *fill*         0x0800f502        0x2 
 .text.TIM_Base_SetConfig
                0x0800f504      0x140 ./Drivers/STM32L4xx_HAL_Driver/Src/stm32l4xx_hal_tim.o
                0x0800f504                TIM_Base_SetConfig
 .text.TIM_OC1_SetConfig
                0x0800f644      0x124 ./Drivers/STM32L4xx_HAL_Driver/Src/stm32l4xx_hal_tim.o
 .text.TIM_OC2_SetConfig
                0x0800f768      0x118 ./Drivers/STM32L4xx_HAL_Driver/Src/stm32l4xx_hal_tim.o
                0x0800f768                TIM_OC2_SetConfig
 .text.TIM_OC3_SetConfig
                0x0800f880      0x114 ./Drivers/STM32L4xx_HAL_Driver/Src/stm32l4xx_hal_tim.o
 .text.TIM_OC4_SetConfig
                0x0800f994       0xd4 ./Drivers/STM32L4xx_HAL_Driver/Src/stm32l4xx_hal_tim.o
 .text.TIM_OC5_SetConfig
                0x0800fa68       0xc8 ./Drivers/STM32L4xx_HAL_Driver/Src/stm32l4xx_hal_tim.o
 .text.TIM_OC6_SetConfig
                0x0800fb30       0xcc ./Drivers/STM32L4xx_HAL_Driver/Src/stm32l4xx_hal_tim.o
 .text.TIM_TI1_ConfigInputStage
                0x0800fbfc       0xa8 ./Drivers/STM32L4xx_HAL_Driver/Src/stm32l4xx_hal_tim.o
 .text.TIM_TI2_ConfigInputStage
                0x0800fca4       0x84 ./Drivers/STM32L4xx_HAL_Driver/Src/stm32l4xx_hal_tim.o
 .text.TIM_ITRx_SetConfig
                0x0800fd28       0x36 ./Drivers/STM32L4xx_HAL_Driver/Src/stm32l4xx_hal_tim.o
 .text.TIM_ETR_SetConfig
                0x0800fd5e       0x40 ./Drivers/STM32L4xx_HAL_Driver/Src/stm32l4xx_hal_tim.o
                0x0800fd5e                TIM_ETR_SetConfig
 .text.TIM_CCxChannelCmd
                0x0800fd9e       0x4a ./Drivers/STM32L4xx_HAL_Driver/Src/stm32l4xx_hal_tim.o
                0x0800fd9e                TIM_CCxChannelCmd
 .text.HAL_TIMEx_MasterConfigSynchronization
                0x0800fde8      0x110 ./Drivers/STM32L4xx_HAL_Driver/Src/stm32l4xx_hal_tim_ex.o
                0x0800fde8                HAL_TIMEx_MasterConfigSynchronization
 .text.HAL_TIMEx_CommutCallback
                0x0800fef8       0x14 ./Drivers/STM32L4xx_HAL_Driver/Src/stm32l4xx_hal_tim_ex.o
                0x0800fef8                HAL_TIMEx_CommutCallback
 .text.HAL_TIMEx_BreakCallback
                0x0800ff0c       0x14 ./Drivers/STM32L4xx_HAL_Driver/Src/stm32l4xx_hal_tim_ex.o
                0x0800ff0c                HAL_TIMEx_BreakCallback
 .text.HAL_TIMEx_Break2Callback
                0x0800ff20       0x14 ./Drivers/STM32L4xx_HAL_Driver/Src/stm32l4xx_hal_tim_ex.o
                0x0800ff20                HAL_TIMEx_Break2Callback
 .text.HAL_UART_Init
                0x0800ff34       0x9c ./Drivers/STM32L4xx_HAL_Driver/Src/stm32l4xx_hal_uart.o
                0x0800ff34                HAL_UART_Init
 .text.HAL_UART_Transmit
                0x0800ffd0      0x126 ./Drivers/STM32L4xx_HAL_Driver/Src/stm32l4xx_hal_uart.o
                0x0800ffd0                HAL_UART_Transmit
 .text.HAL_UART_Receive
                0x080100f6      0x1a0 ./Drivers/STM32L4xx_HAL_Driver/Src/stm32l4xx_hal_uart.o
                0x080100f6                HAL_UART_Receive
 *fill*         0x08010296        0x2 
 .text.UART_SetConfig
                0x08010298      0x570 ./Drivers/STM32L4xx_HAL_Driver/Src/stm32l4xx_hal_uart.o
                0x08010298                UART_SetConfig
 .text.UART_AdvFeatureConfig
                0x08010808      0x144 ./Drivers/STM32L4xx_HAL_Driver/Src/stm32l4xx_hal_uart.o
                0x08010808                UART_AdvFeatureConfig
 .text.UART_CheckIdleState
                0x0801094c      0x150 ./Drivers/STM32L4xx_HAL_Driver/Src/stm32l4xx_hal_uart.o
                0x0801094c                UART_CheckIdleState
 .text.UART_WaitOnFlagUntilTimeout
                0x08010a9c       0xda ./Drivers/STM32L4xx_HAL_Driver/Src/stm32l4xx_hal_uart.o
                0x08010a9c                UART_WaitOnFlagUntilTimeout
 .text.UART_EndRxTransfer
                0x08010b76       0xc8 ./Drivers/STM32L4xx_HAL_Driver/Src/stm32l4xx_hal_uart.o
 *fill*         0x08010c3e        0x2 
 .text.MX_FATFS_Init
                0x08010c40       0x24 ./FATFS/App/fatfs.o
                0x08010c40                MX_FATFS_Init
 .text.get_fattime
                0x08010c64       0x10 ./FATFS/App/fatfs.o
                0x08010c64                get_fattime
 .text.SELECT   0x08010c74       0x20 ./FATFS/Target/fatfs_sd.o
 .text.DESELECT
                0x08010c94       0x20 ./FATFS/Target/fatfs_sd.o
 .text.SPI_TxByte
                0x08010cb4       0x38 ./FATFS/Target/fatfs_sd.o
 .text.SPI_RxByte
                0x08010cec       0x44 ./FATFS/Target/fatfs_sd.o
 .text.SPI_RxBytePtr
                0x08010d30       0x1c ./FATFS/Target/fatfs_sd.o
 .text.SD_ReadyWait
                0x08010d4c       0x38 ./FATFS/Target/fatfs_sd.o
 .text.SD_PowerOn
                0x08010d84       0x98 ./FATFS/Target/fatfs_sd.o
 .text.SD_PowerOff
                0x08010e1c       0x18 ./FATFS/Target/fatfs_sd.o
 .text.SD_CheckPower
                0x08010e34       0x18 ./FATFS/Target/fatfs_sd.o
 .text.SD_RxDataBlock
                0x08010e4c       0x6c ./FATFS/Target/fatfs_sd.o
 .text.SD_TxDataBlock
                0x08010eb8       0xa8 ./FATFS/Target/fatfs_sd.o
 .text.SD_SendCmd
                0x08010f60       0xa4 ./FATFS/Target/fatfs_sd.o
 .text.SD_disk_initialize
                0x08011004      0x1d4 ./FATFS/Target/fatfs_sd.o
                0x08011004                SD_disk_initialize
 .text.SD_disk_status
                0x080111d8       0x2c ./FATFS/Target/fatfs_sd.o
                0x080111d8                SD_disk_status
 .text.SD_disk_read
                0x08011204       0xd4 ./FATFS/Target/fatfs_sd.o
                0x08011204                SD_disk_read
 .text.SD_disk_write
                0x080112d8      0x108 ./FATFS/Target/fatfs_sd.o
                0x080112d8                SD_disk_write
 .text.SD_disk_ioctl
                0x080113e0      0x260 ./FATFS/Target/fatfs_sd.o
                0x080113e0                SD_disk_ioctl
 .text.USER_initialize
                0x08011640       0x1e ./FATFS/Target/user_diskio.o
                0x08011640                USER_initialize
 .text.USER_status
                0x0801165e       0x1e ./FATFS/Target/user_diskio.o
                0x0801165e                USER_status
 .text.USER_read
                0x0801167c       0x28 ./FATFS/Target/user_diskio.o
                0x0801167c                USER_read
 .text.USER_write
                0x080116a4       0x28 ./FATFS/Target/user_diskio.o
                0x080116a4                USER_write
 .text.USER_ioctl
                0x080116cc       0x28 ./FATFS/Target/user_diskio.o
                0x080116cc                USER_ioctl
 .text.disk_status
                0x080116f4       0x34 ./Middlewares/Third_Party/FatFs/src/diskio.o
                0x080116f4                disk_status
 .text.disk_initialize
                0x08011728       0x4c ./Middlewares/Third_Party/FatFs/src/diskio.o
                0x08011728                disk_initialize
 .text.disk_read
                0x08011774       0x40 ./Middlewares/Third_Party/FatFs/src/diskio.o
                0x08011774                disk_read
 .text.disk_write
                0x080117b4       0x40 ./Middlewares/Third_Party/FatFs/src/diskio.o
                0x080117b4                disk_write
 .text.disk_ioctl
                0x080117f4       0x3c ./Middlewares/Third_Party/FatFs/src/diskio.o
                0x080117f4                disk_ioctl
 .text.ld_word  0x08011830       0x32 ./Middlewares/Third_Party/FatFs/src/ff.o
 .text.ld_dword
                0x08011862       0x46 ./Middlewares/Third_Party/FatFs/src/ff.o
 .text.st_word  0x080118a8       0x36 ./Middlewares/Third_Party/FatFs/src/ff.o
 .text.st_dword
                0x080118de       0x58 ./Middlewares/Third_Party/FatFs/src/ff.o
 .text.mem_cpy  0x08011936       0x42 ./Middlewares/Third_Party/FatFs/src/ff.o
 .text.mem_set  0x08011978       0x36 ./Middlewares/Third_Party/FatFs/src/ff.o
 .text.mem_cmp  0x080119ae       0x4e ./Middlewares/Third_Party/FatFs/src/ff.o
 .text.chk_chr  0x080119fc       0x36 ./Middlewares/Third_Party/FatFs/src/ff.o
 *fill*         0x08011a32        0x2 
 .text.chk_lock
                0x08011a34       0xb8 ./Middlewares/Third_Party/FatFs/src/ff.o
 .text.enq_lock
                0x08011aec       0x44 ./Middlewares/Third_Party/FatFs/src/ff.o
 .text.inc_lock
                0x08011b30      0x11c ./Middlewares/Third_Party/FatFs/src/ff.o
 .text.clear_lock
                0x08011c4c       0x48 ./Middlewares/Third_Party/FatFs/src/ff.o
 .text.sync_window
                0x08011c94       0x88 ./Middlewares/Third_Party/FatFs/src/ff.o
 .text.move_window
                0x08011d1c       0x5a ./Middlewares/Third_Party/FatFs/src/ff.o
 *fill*         0x08011d76        0x2 
 .text.sync_fs  0x08011d78       0xe0 ./Middlewares/Third_Party/FatFs/src/ff.o
 .text.clust2sect
                0x08011e58       0x3e ./Middlewares/Third_Party/FatFs/src/ff.o
 .text.get_fat  0x08011e96      0x1a6 ./Middlewares/Third_Party/FatFs/src/ff.o
 .text.put_fat  0x0801203c      0x234 ./Middlewares/Third_Party/FatFs/src/ff.o
 .text.remove_chain
                0x08012270       0xca ./Middlewares/Third_Party/FatFs/src/ff.o
 .text.create_chain
                0x0801233a      0x130 ./Middlewares/Third_Party/FatFs/src/ff.o
 .text.clmt_clust
                0x0801246a       0x70 ./Middlewares/Third_Party/FatFs/src/ff.o
 .text.dir_sdi  0x080124da      0x112 ./Middlewares/Third_Party/FatFs/src/ff.o
 .text.dir_next
                0x080125ec      0x1ac ./Middlewares/Third_Party/FatFs/src/ff.o
 .text.dir_alloc
                0x08012798       0x8e ./Middlewares/Third_Party/FatFs/src/ff.o
 .text.ld_clust
                0x08012826       0x3e ./Middlewares/Third_Party/FatFs/src/ff.o
 .text.st_clust
                0x08012864       0x40 ./Middlewares/Third_Party/FatFs/src/ff.o
 .text.cmp_lfn  0x080128a4       0xe0 ./Middlewares/Third_Party/FatFs/src/ff.o
 .text.put_lfn  0x08012984       0xd0 ./Middlewares/Third_Party/FatFs/src/ff.o
 .text.gen_numname
                0x08012a54      0x11c ./Middlewares/Third_Party/FatFs/src/ff.o
 .text.sum_sfn  0x08012b70       0x42 ./Middlewares/Third_Party/FatFs/src/ff.o
 .text.dir_find
                0x08012bb2      0x180 ./Middlewares/Third_Party/FatFs/src/ff.o
 *fill*         0x08012d32        0x2 
 .text.dir_register
                0x08012d34      0x1f0 ./Middlewares/Third_Party/FatFs/src/ff.o
 .text.get_fileinfo
                0x08012f24      0x1bc ./Middlewares/Third_Party/FatFs/src/ff.o
 .text.create_name
                0x080130e0      0x370 ./Middlewares/Third_Party/FatFs/src/ff.o
 .text.follow_path
                0x08013450       0xec ./Middlewares/Third_Party/FatFs/src/ff.o
 .text.get_ldnumber
                0x0801353c       0x88 ./Middlewares/Third_Party/FatFs/src/ff.o
 .text.check_fs
                0x080135c4       0xac ./Middlewares/Third_Party/FatFs/src/ff.o
 .text.find_volume
                0x08013670      0x50c ./Middlewares/Third_Party/FatFs/src/ff.o
 .text.validate
                0x08013b7c       0x6a ./Middlewares/Third_Party/FatFs/src/ff.o
 *fill*         0x08013be6        0x2 
 .text.f_mount  0x08013be8       0x8c ./Middlewares/Third_Party/FatFs/src/ff.o
                0x08013be8                f_mount
 .text.f_open   0x08013c74      0x390 ./Middlewares/Third_Party/FatFs/src/ff.o
                0x08013c74                f_open
 .text.f_write  0x08014004      0x328 ./Middlewares/Third_Party/FatFs/src/ff.o
                0x08014004                f_write
 .text.f_sync   0x0801432c       0xfc ./Middlewares/Third_Party/FatFs/src/ff.o
                0x0801432c                f_sync
 .text.f_stat   0x08014428       0x72 ./Middlewares/Third_Party/FatFs/src/ff.o
                0x08014428                f_stat
 *fill*         0x0801449a        0x2 
 .text.FATFS_LinkDriverEx
                0x0801449c       0x98 ./Middlewares/Third_Party/FatFs/src/ff_gen_drv.o
                0x0801449c                FATFS_LinkDriverEx
 .text.FATFS_LinkDriver
                0x08014534       0x1e ./Middlewares/Third_Party/FatFs/src/ff_gen_drv.o
                0x08014534                FATFS_LinkDriver
 *fill*         0x08014552        0x2 
 .text.ff_convert
                0x08014554       0x78 ./Middlewares/Third_Party/FatFs/src/option/ccsbcs.o
                0x08014554                ff_convert
 .text.ff_wtoupper
                0x080145cc      0x114 ./Middlewares/Third_Party/FatFs/src/option/ccsbcs.o
                0x080145cc                ff_wtoupper
 .text.pow      0x080146e0       0xe0 E:/STM32CubeIDE_1.18.1/STM32CubeIDE/plugins/com.st.stm32cube.ide.mcu.externaltools.gnu-tools-for-stm32.13.3.rel1.win32_1.0.0.202411081344/tools/bin/../lib/gcc/arm-none-eabi/13.3.1/../../../../arm-none-eabi/lib/thumb/v7e-m+fp/hard\libm.a(libm_a-w_pow.o)
                0x080146e0                pow
 .text.sqrt     0x080147c0       0x58 E:/STM32CubeIDE_1.18.1/STM32CubeIDE/plugins/com.st.stm32cube.ide.mcu.externaltools.gnu-tools-for-stm32.13.3.rel1.win32_1.0.0.202411081344/tools/bin/../lib/gcc/arm-none-eabi/13.3.1/../../../../arm-none-eabi/lib/thumb/v7e-m+fp/hard\libm.a(libm_a-w_sqrt.o)
                0x080147c0                sqrt
 .text.sqrtf    0x08014818       0x3c E:/STM32CubeIDE_1.18.1/STM32CubeIDE/plugins/com.st.stm32cube.ide.mcu.externaltools.gnu-tools-for-stm32.13.3.rel1.win32_1.0.0.202411081344/tools/bin/../lib/gcc/arm-none-eabi/13.3.1/../../../../arm-none-eabi/lib/thumb/v7e-m+fp/hard\libm.a(libm_a-wf_sqrt.o)
                0x08014818                sqrtf
 .text.finite   0x08014854       0x16 E:/STM32CubeIDE_1.18.1/STM32CubeIDE/plugins/com.st.stm32cube.ide.mcu.externaltools.gnu-tools-for-stm32.13.3.rel1.win32_1.0.0.202411081344/tools/bin/../lib/gcc/arm-none-eabi/13.3.1/../../../../arm-none-eabi/lib/thumb/v7e-m+fp/hard\libm.a(libm_a-s_finite.o)
                0x08014854                finite
 *fill*         0x0801486a        0x2 
 .text.__ieee754_sqrt
                0x0801486c      0x1ac E:/STM32CubeIDE_1.18.1/STM32CubeIDE/plugins/com.st.stm32cube.ide.mcu.externaltools.gnu-tools-for-stm32.13.3.rel1.win32_1.0.0.202411081344/tools/bin/../lib/gcc/arm-none-eabi/13.3.1/../../../../arm-none-eabi/lib/thumb/v7e-m+fp/hard\libm.a(libm_a-e_sqrt.o)
                0x0801486c                __ieee754_sqrt
 .text.__ieee754_sqrtf
                0x08014a18        0x6 E:/STM32CubeIDE_1.18.1/STM32CubeIDE/plugins/com.st.stm32cube.ide.mcu.externaltools.gnu-tools-for-stm32.13.3.rel1.win32_1.0.0.202411081344/tools/bin/../lib/gcc/arm-none-eabi/13.3.1/../../../../arm-none-eabi/lib/thumb/v7e-m+fp/hard\libm.a(libm_a-ef_sqrt.o)
                0x08014a18                __ieee754_sqrtf
 *fill*         0x08014a1e        0x2 
 .text.floorf   0x08014a20       0x88 E:/STM32CubeIDE_1.18.1/STM32CubeIDE/plugins/com.st.stm32cube.ide.mcu.externaltools.gnu-tools-for-stm32.13.3.rel1.win32_1.0.0.202411081344/tools/bin/../lib/gcc/arm-none-eabi/13.3.1/../../../../arm-none-eabi/lib/thumb/v7e-m+fp/hard\libm.a(libm_a-sf_floor.o)
                0x08014a20                floorf
 .text.__ieee754_pow
                0x08014aa8      0xa94 E:/STM32CubeIDE_1.18.1/STM32CubeIDE/plugins/com.st.stm32cube.ide.mcu.externaltools.gnu-tools-for-stm32.13.3.rel1.win32_1.0.0.202411081344/tools/bin/../lib/gcc/arm-none-eabi/13.3.1/../../../../arm-none-eabi/lib/thumb/v7e-m+fp/hard\libm.a(libm_a-e_pow.o)
                0x08014aa8                __ieee754_pow
 .text.fabs     0x0801553c       0x10 E:/STM32CubeIDE_1.18.1/STM32CubeIDE/plugins/com.st.stm32cube.ide.mcu.externaltools.gnu-tools-for-stm32.13.3.rel1.win32_1.0.0.202411081344/tools/bin/../lib/gcc/arm-none-eabi/13.3.1/../../../../arm-none-eabi/lib/thumb/v7e-m+fp/hard\libm.a(libm_a-s_fabs.o)
                0x0801553c                fabs
 *fill*         0x0801554c        0x4 
 .text.scalbn   0x08015550       0xf4 E:/STM32CubeIDE_1.18.1/STM32CubeIDE/plugins/com.st.stm32cube.ide.mcu.externaltools.gnu-tools-for-stm32.13.3.rel1.win32_1.0.0.202411081344/tools/bin/../lib/gcc/arm-none-eabi/13.3.1/../../../../arm-none-eabi/lib/thumb/v7e-m+fp/hard\libm.a(libm_a-s_scalbn.o)
                0x08015550                scalbn
 .text.with_errno
                0x08015644       0x24 E:/STM32CubeIDE_1.18.1/STM32CubeIDE/plugins/com.st.stm32cube.ide.mcu.externaltools.gnu-tools-for-stm32.13.3.rel1.win32_1.0.0.202411081344/tools/bin/../lib/gcc/arm-none-eabi/13.3.1/../../../../arm-none-eabi/lib/thumb/v7e-m+fp/hard\libm.a(libm_a-math_err.o)
 .text.xflow    0x08015668       0x32 E:/STM32CubeIDE_1.18.1/STM32CubeIDE/plugins/com.st.stm32cube.ide.mcu.externaltools.gnu-tools-for-stm32.13.3.rel1.win32_1.0.0.202411081344/tools/bin/../lib/gcc/arm-none-eabi/13.3.1/../../../../arm-none-eabi/lib/thumb/v7e-m+fp/hard\libm.a(libm_a-math_err.o)
 *fill*         0x0801569a        0x6 
 .text.__math_uflow
                0x080156a0       0x10 E:/STM32CubeIDE_1.18.1/STM32CubeIDE/plugins/com.st.stm32cube.ide.mcu.externaltools.gnu-tools-for-stm32.13.3.rel1.win32_1.0.0.202411081344/tools/bin/../lib/gcc/arm-none-eabi/13.3.1/../../../../arm-none-eabi/lib/thumb/v7e-m+fp/hard\libm.a(libm_a-math_err.o)
                0x080156a0                __math_uflow
 .text.__math_oflow
                0x080156b0       0x10 E:/STM32CubeIDE_1.18.1/STM32CubeIDE/plugins/com.st.stm32cube.ide.mcu.externaltools.gnu-tools-for-stm32.13.3.rel1.win32_1.0.0.202411081344/tools/bin/../lib/gcc/arm-none-eabi/13.3.1/../../../../arm-none-eabi/lib/thumb/v7e-m+fp/hard\libm.a(libm_a-math_err.o)
                0x080156b0                __math_oflow
 .text.__cvt    0x080156c0       0xca E:/STM32CubeIDE_1.18.1/STM32CubeIDE/plugins/com.st.stm32cube.ide.mcu.externaltools.gnu-tools-for-stm32.13.3.rel1.win32_1.0.0.202411081344/tools/bin/../lib/gcc/arm-none-eabi/13.3.1/../../../../arm-none-eabi/lib/thumb/v7e-m+fp/hard\libc_nano.a(libc_a-nano-vfprintf_float.o)
                0x080156c0                __cvt
 .text.__exponent
                0x0801578a       0x74 E:/STM32CubeIDE_1.18.1/STM32CubeIDE/plugins/com.st.stm32cube.ide.mcu.externaltools.gnu-tools-for-stm32.13.3.rel1.win32_1.0.0.202411081344/tools/bin/../lib/gcc/arm-none-eabi/13.3.1/../../../../arm-none-eabi/lib/thumb/v7e-m+fp/hard\libc_nano.a(libc_a-nano-vfprintf_float.o)
                0x0801578a                __exponent
 *fill*         0x080157fe        0x2 
 .text._printf_float
                0x08015800      0x454 E:/STM32CubeIDE_1.18.1/STM32CubeIDE/plugins/com.st.stm32cube.ide.mcu.externaltools.gnu-tools-for-stm32.13.3.rel1.win32_1.0.0.202411081344/tools/bin/../lib/gcc/arm-none-eabi/13.3.1/../../../../arm-none-eabi/lib/thumb/v7e-m+fp/hard\libc_nano.a(libc_a-nano-vfprintf_float.o)
                0x08015800                _printf_float
 .text._printf_common
                0x08015c54       0xda E:/STM32CubeIDE_1.18.1/STM32CubeIDE/plugins/com.st.stm32cube.ide.mcu.externaltools.gnu-tools-for-stm32.13.3.rel1.win32_1.0.0.202411081344/tools/bin/../lib/gcc/arm-none-eabi/13.3.1/../../../../arm-none-eabi/lib/thumb/v7e-m+fp/hard\libc_nano.a(libc_a-nano-vfprintf_i.o)
                0x08015c54                _printf_common
 *fill*         0x08015d2e        0x2 
 .text._printf_i
                0x08015d30      0x23c E:/STM32CubeIDE_1.18.1/STM32CubeIDE/plugins/com.st.stm32cube.ide.mcu.externaltools.gnu-tools-for-stm32.13.3.rel1.win32_1.0.0.202411081344/tools/bin/../lib/gcc/arm-none-eabi/13.3.1/../../../../arm-none-eabi/lib/thumb/v7e-m+fp/hard\libc_nano.a(libc_a-nano-vfprintf_i.o)
                0x08015d30                _printf_i
 .text.std      0x08015f6c       0x6c E:/STM32CubeIDE_1.18.1/STM32CubeIDE/plugins/com.st.stm32cube.ide.mcu.externaltools.gnu-tools-for-stm32.13.3.rel1.win32_1.0.0.202411081344/tools/bin/../lib/gcc/arm-none-eabi/13.3.1/../../../../arm-none-eabi/lib/thumb/v7e-m+fp/hard\libc_nano.a(libc_a-findfp.o)
 .text.stdio_exit_handler
                0x08015fd8       0x18 E:/STM32CubeIDE_1.18.1/STM32CubeIDE/plugins/com.st.stm32cube.ide.mcu.externaltools.gnu-tools-for-stm32.13.3.rel1.win32_1.0.0.202411081344/tools/bin/../lib/gcc/arm-none-eabi/13.3.1/../../../../arm-none-eabi/lib/thumb/v7e-m+fp/hard\libc_nano.a(libc_a-findfp.o)
 .text.cleanup_stdio
                0x08015ff0       0x40 E:/STM32CubeIDE_1.18.1/STM32CubeIDE/plugins/com.st.stm32cube.ide.mcu.externaltools.gnu-tools-for-stm32.13.3.rel1.win32_1.0.0.202411081344/tools/bin/../lib/gcc/arm-none-eabi/13.3.1/../../../../arm-none-eabi/lib/thumb/v7e-m+fp/hard\libc_nano.a(libc_a-findfp.o)
 .text.global_stdio_init.part.0
                0x08016030       0x3c E:/STM32CubeIDE_1.18.1/STM32CubeIDE/plugins/com.st.stm32cube.ide.mcu.externaltools.gnu-tools-for-stm32.13.3.rel1.win32_1.0.0.202411081344/tools/bin/../lib/gcc/arm-none-eabi/13.3.1/../../../../arm-none-eabi/lib/thumb/v7e-m+fp/hard\libc_nano.a(libc_a-findfp.o)
 .text.__sfp_lock_acquire