../Core/Src/baro/bmp/bmp581.cpp:4:1:BMP581::BMP581()	16	static
../Core/Src/baro/bmp/bmp581.cpp:9:8:int8_t BMP581::begin()	24	static
../Core/Src/baro/bmp/bmp581.cpp:32:8:int8_t BMP581::beginSPI(SPI_HandleTypeDef*, GPIO_TypeDef*, uint16_t)	24	static
../Core/Src/baro/bmp/bmp581.cpp:47:8:int8_t BMP581::init()	24	static
../Core/Src/baro/bmp/bmp581.cpp:73:8:int8_t BMP581::setMode(bmp5_powermode)	16	static
../Core/Src/baro/bmp/bmp581.cpp:78:8:int8_t BMP581::getMode(bmp5_powermode*)	16	static
../Core/Src/baro/bmp/bmp581.cpp:83:8:int8_t BMP581::enablePress(uint8_t)	16	static
../Core/Src/baro/bmp/bmp581.cpp:89:8:int8_t BMP581::getSensorData(bmp5_sensor_data*)	16	static
../Core/Src/baro/bmp/bmp581.cpp:94:8:int8_t BMP581::setODRFrequency(uint8_t)	16	static
../Core/Src/baro/bmp/bmp581.cpp:108:8:int8_t BMP581::getODRFrequency(uint8_t*)	16	static
../Core/Src/baro/bmp/bmp581.cpp:114:8:int8_t BMP581::setOSRMultipliers(bmp5_osr_odr_press_config*)	16	static
../Core/Src/baro/bmp/bmp581.cpp:130:8:int8_t BMP581::getOSRMultipliers(bmp5_osr_odr_press_config*)	16	static
../Core/Src/baro/bmp/bmp581.cpp:137:8:int8_t BMP581::getOSREffective(bmp5_osr_odr_eff*)	16	static
../Core/Src/baro/bmp/bmp581.cpp:142:8:int8_t BMP581::setFilterConfig(bmp5_iir_config*)	16	static
../Core/Src/baro/bmp/bmp581.cpp:147:8:int8_t BMP581::setOORConfig(bmp5_oor_press_configuration*)	16	static
../Core/Src/baro/bmp/bmp581.cpp:152:8:int8_t BMP581::setInterruptConfig(BMP581_InterruptConfig*)	40	static
../Core/Src/baro/bmp/bmp581.cpp:166:8:int8_t BMP581::getInterruptStatus(uint8_t*)	16	static
../Core/Src/baro/bmp/bmp581.cpp:171:8:int8_t BMP581::setFIFOConfig(bmp5_fifo*)	24	static
../Core/Src/baro/bmp/bmp581.cpp:206:8:int8_t BMP581::getFIFOLength(uint8_t*)	24	static
../Core/Src/baro/bmp/bmp581.cpp:235:8:int8_t BMP581::getFIFOData(bmp5_sensor_data*, uint8_t)	64	dynamic
../Core/Src/baro/bmp/bmp581.cpp:272:8:int8_t BMP581::flushFIFO()	24	static
../Core/Src/baro/bmp/bmp581.cpp:313:8:int8_t BMP581::readNVM(uint8_t, uint16_t*)	24	static
../Core/Src/baro/bmp/bmp581.cpp:318:8:int8_t BMP581::writeNVM(uint8_t, uint16_t)	16	static
../Core/Src/baro/bmp/bmp581.cpp:323:20:static int8_t BMP581::readRegisters(uint8_t, uint8_t*, uint32_t, void*)	32	static
../Core/Src/baro/bmp/bmp581.cpp:362:20:static int8_t BMP581::writeRegisters(uint8_t, const uint8_t*, uint32_t, void*)	40	static
../Core/Src/baro/bmp/bmp581.cpp:400:6:void Delay_us(uint32_t)	24	static
../Core/Src/baro/bmp/bmp581.cpp:412:6:static void BMP581::usDelay(uint32_t, void*)	16	static
