../Core/Src/baro/bmp/bmp5.c:288:8:bmp5_init	24	static
../Core/Src/baro/bmp/bmp5.c:339:8:bmp5_get_regs	40	static
../Core/Src/baro/bmp/bmp5.c:376:8:bmp5_set_regs	40	static
../Core/Src/baro/bmp/bmp5.c:419:8:bmp5_soft_reset	24	static
../Core/Src/baro/bmp/bmp5.c:471:8:bmp5_get_interrupt_status	24	static
../Core/Src/baro/bmp/bmp5.c:490:8:bmp5_get_power_mode	24	static
../Core/Src/baro/bmp/bmp5.c:554:8:bmp5_set_power_mode	24	static
../Core/Src/baro/bmp/bmp5.c:614:8:bmp5_get_sensor_data	640	static
../Core/Src/baro/bmp/bmp5.c:672:8:bmp5_int_source_select	24	static
../Core/Src/baro/bmp/bmp5.c:705:8:bmp5_configure_interrupt	32	static
../Core/Src/baro/bmp/bmp5.c:758:8:bmp5_get_osr_odr_press_config	24	static
../Core/Src/baro/bmp/bmp5.c:794:8:bmp5_set_osr_odr_press_config	24	static
../Core/Src/baro/bmp/bmp5.c:841:8:bmp5_get_iir_config	24	static
../Core/Src/baro/bmp/bmp5.c:875:8:bmp5_set_iir_config	24	static
../Core/Src/baro/bmp/bmp5.c:940:8:bmp5_get_osr_odr_eff	24	static
../Core/Src/baro/bmp/bmp5.c:971:8:bmp5_get_fifo_configuration	24	static
../Core/Src/baro/bmp/bmp5.c:1020:8:bmp5_set_fifo_configuration	24	static
../Core/Src/baro/bmp/bmp5.c:1091:8:bmp5_get_fifo_len	32	static
../Core/Src/baro/bmp/bmp5.c:1132:8:bmp5_get_fifo_data	24	static
../Core/Src/baro/bmp/bmp5.c:1165:8:bmp5_extract_fifo_data	24	static
../Core/Src/baro/bmp/bmp5.c:1193:8:bmp5_get_oor_configuration	24	static
../Core/Src/baro/bmp/bmp5.c:1229:8:bmp5_set_oor_configuration	24	static
../Core/Src/baro/bmp/bmp5.c:1273:8:bmp5_nvm_read	32	static
../Core/Src/baro/bmp/bmp5.c:1329:8:bmp5_nvm_write	40	static
../Core/Src/baro/bmp/bmp5.c:1421:15:null_ptr_check	24	static
../Core/Src/baro/bmp/bmp5.c:1442:15:validate_chip_id	24	static
../Core/Src/baro/bmp/bmp5.c:1463:15:power_up_check	24	static
../Core/Src/baro/bmp/bmp5.c:1503:15:check_deepstandby_mode	32	static
../Core/Src/baro/bmp/bmp5.c:1538:15:set_deep_standby_mode	24	static
../Core/Src/baro/bmp/bmp5.c:1595:15:set_power_mode	24	static
../Core/Src/baro/bmp/bmp5.c:1619:15:set_standby_mode	24	static
../Core/Src/baro/bmp/bmp5.c:1663:15:set_iir_config	24	static
../Core/Src/baro/bmp/bmp5.c:1691:15:set_fifo_iir_config	24	static
../Core/Src/baro/bmp/bmp5.c:1749:15:set_fifo_threshold	24	static
../Core/Src/baro/bmp/bmp5.c:1784:15:unpack_sensor_data	40	static
../Core/Src/baro/bmp/bmp5.c:1925:15:set_oor_iir_count_limit	24	static
../Core/Src/baro/bmp/bmp5.c:1996:15:nvm_write_addr	32	static
../Core/Src/baro/bmp/bmp5.c:2032:15:set_nvm_addr	24	static
../Core/Src/baro/bmp/bmp5.c:2075:15:get_nvm_data	24	static
../Core/Src/baro/bmp/bmp5.c:2110:15:get_nvm_status	24	static
