../Core/Src/imu/icm20948.cpp:15:6:bool init_imu(I2C_HandleTypeDef*)	16	static
../Core/Src/imu/icm20948.cpp:91:6:bool imu_is_agmt_data_ready()	8	static
../Core/Src/imu/icm20948.cpp:95:6:bool imu_get_agmt(icm20948_agmt_t*)	40	static
../Core/Src/imu/icm20948.cpp:110:6:bool imu_get_dmp_data(icm20948_dmp_data_t*)	24	static
../Core/Src/imu/icm20948.cpp:124:20:ICM_20948_Status_e imu_get_status()	4	static
../Core/Src/imu/icm20948.cpp:128:6:bool get_quaternion_from_dmp_data(const icm20948_dmp_data_t&, icm20948_dmp_quat_t*)	24	static
../Core/Src/imu/icm20948.cpp:135:1:void __static_initialization_and_destruction_0()	8	static
../Core/Src/imu/icm20948.cpp:135:1:cpp)	8	static
