../Core/Src/main.c:87:5:main	8	static
../Core/Src/main.c:144:6:SystemClock_Config	96	static
../Core/Src/main.c:193:6:PeriphCommonClock_Config	144	static
../Core/Src/main.c:219:13:MX_ADC1_Init	48	static
../Core/Src/main.c:286:13:MX_ADC2_Init	32	static
../Core/Src/main.c:344:13:MX_I2C1_Init	8	static
../Core/Src/main.c:392:13:MX_SPI1_Init	8	static
../Core/Src/main.c:432:13:MX_SPI2_Init	8	static
../Core/Src/main.c:472:13:MX_TIM2_Init	40	static
../Core/Src/main.c:517:13:MX_TIM3_Init	64	static
../Core/Src/main.c:576:13:MX_USART2_UART_Init	8	static
../Core/Src/main.c:611:13:MX_GPIO_Init	48	static
../Core/Src/main.c:683:6:Error_Handler	4	static,ignoring_inline_asm
