../Core/Inc/quaternion.h:52:5:Quaternion::Quaternion()	16	static
../Core/Inc/quaternion.h:55:5:Quaternion::Quaternion(float, float, float, float)	32	static
../Core/Src/quaternion.cpp:13:13:Quaternion& Quaternion::operator=(const Quaternion&)	16	static
../Core/Src/quaternion.cpp:25:13:Quaternion& Quaternion::operator+=(const Quaternion&)	16	static
../Core/Src/quaternion.cpp:37:13:Quaternion& Quaternion::operator-=(const Quaternion&)	16	static
../Core/Src/quaternion.cpp:49:13:Quaternion& Quaternion::operator*=(float)	16	static
../Core/Src/quaternion.cpp:61:13:Quaternion& Quaternion::operator*=(const Quaternion&)	48	static
../Core/Src/quaternion.cpp:83:7:float Quaternion::dot(const Quaternion&) const	16	static
../Core/Src/quaternion.cpp:91:7:float Quaternion::norm() const	16	static
../Core/Src/quaternion.cpp:99:7:float Quaternion::normSq() const	16	static
../Core/Src/quaternion.cpp:107:13:Quaternion& Quaternion::normalize()	24	static
../Core/Src/quaternion.cpp:120:18:const Quaternion Quaternion::conjugate() const	16	static
../Core/Src/quaternion.cpp:130:6:void Quaternion::rotateVector(float&, float&, float&)	40	static
../Core/Src/quaternion.cpp:148:25:const Quaternion fromEuler(float, float, float)	48	static
../Core/Src/quaternion.cpp:252:18:static const Quaternion Quaternion::fromAxisAngle(float, float, float, float)	48	static
