../Core/Src/imu/ICM_20948/ICM_20948.cpp:13:1:ICM_20948::ICM_20948()	16	static
../Core/Src/imu/ICM_20948/ICM_20948.cpp:18:6:void ICM_20948::enableDebugging()	16	static
../Core/Src/imu/ICM_20948/ICM_20948.cpp:22:6:void ICM_20948::disableDebugging()	16	static
../Core/Src/imu/ICM_20948/ICM_20948.cpp:32:16:ICM_20948::debugPrint(const char*)::<lambda(const char*)>	16	static
../Core/Src/imu/ICM_20948/ICM_20948.cpp:32:16:static char ICM_20948::debugPrint(const char*)::<lambda(const char*)>::_FUN(const char*)	16	static
../Core/Src/imu/ICM_20948/ICM_20948.cpp:32:16:ICM_20948::debugPrint(const char*)::<lambda(const char*)>::operator char (*)(const char*)() const	16	static
../Core/Src/imu/ICM_20948/ICM_20948.cpp:30:6:void ICM_20948::debugPrint(const char*)	24	static
../Core/Src/imu/ICM_20948/ICM_20948.cpp:37:16:ICM_20948::debugPrintln(const char*)::<lambda(const char*)>	16	static
../Core/Src/imu/ICM_20948/ICM_20948.cpp:37:16:static char ICM_20948::debugPrintln(const char*)::<lambda(const char*)>::_FUN(const char*)	16	static
../Core/Src/imu/ICM_20948/ICM_20948.cpp:37:16:ICM_20948::debugPrintln(const char*)::<lambda(const char*)>::operator char (*)(const char*)() const	16	static
../Core/Src/imu/ICM_20948/ICM_20948.cpp:35:6:void ICM_20948::debugPrintln(const char*)	24	static
../Core/Src/imu/ICM_20948/ICM_20948.cpp:40:6:void ICM_20948::doDebugPrint(char (*)(const char*), const char*, bool)	32	static
../Core/Src/imu/ICM_20948/ICM_20948.cpp:60:6:void ICM_20948::debugPrintf(int)	16	static
../Core/Src/imu/ICM_20948/ICM_20948.cpp:66:6:void ICM_20948::debugPrintf(float)	16	static
../Core/Src/imu/ICM_20948/ICM_20948.cpp:72:6:void ICM_20948::debugPrintStatus(ICM_20948_Status_e)	16	static
../Core/Src/imu/ICM_20948/ICM_20948.cpp:77:18:ICM_20948_AGMT_t ICM_20948::getAGMT()	24	static
../Core/Src/imu/ICM_20948/ICM_20948.cpp:84:7:float ICM_20948::magX()	16	static
../Core/Src/imu/ICM_20948/ICM_20948.cpp:89:7:float ICM_20948::magY()	16	static
../Core/Src/imu/ICM_20948/ICM_20948.cpp:94:7:float ICM_20948::magZ()	16	static
../Core/Src/imu/ICM_20948/ICM_20948.cpp:99:7:float ICM_20948::getMagUT(int16_t)	16	static
../Core/Src/imu/ICM_20948/ICM_20948.cpp:104:7:float ICM_20948::accX()	16	static
../Core/Src/imu/ICM_20948/ICM_20948.cpp:109:7:float ICM_20948::accY()	16	static
../Core/Src/imu/ICM_20948/ICM_20948.cpp:114:7:float ICM_20948::accZ()	16	static
../Core/Src/imu/ICM_20948/ICM_20948.cpp:119:7:float ICM_20948::getAccMG(int16_t)	16	static
../Core/Src/imu/ICM_20948/ICM_20948.cpp:141:7:float ICM_20948::gyrX()	16	static
../Core/Src/imu/ICM_20948/ICM_20948.cpp:146:7:float ICM_20948::gyrY()	16	static
../Core/Src/imu/ICM_20948/ICM_20948.cpp:151:7:float ICM_20948::gyrZ()	16	static
../Core/Src/imu/ICM_20948/ICM_20948.cpp:156:7:float ICM_20948::getGyrDPS(int16_t)	16	static
../Core/Src/imu/ICM_20948/ICM_20948.cpp:179:20:ICM_20948_Status_e ICM_20948::setBiasGyroX(int32_t)	24	static
../Core/Src/imu/ICM_20948/ICM_20948.cpp:194:20:ICM_20948_Status_e ICM_20948::setBiasGyroY(int32_t)	24	static
../Core/Src/imu/ICM_20948/ICM_20948.cpp:209:20:ICM_20948_Status_e ICM_20948::setBiasGyroZ(int32_t)	24	static
../Core/Src/imu/ICM_20948/ICM_20948.cpp:224:20:ICM_20948_Status_e ICM_20948::getBiasGyroX(int32_t*)	24	static
../Core/Src/imu/ICM_20948/ICM_20948.cpp:241:20:ICM_20948_Status_e ICM_20948::getBiasGyroY(int32_t*)	24	static
../Core/Src/imu/ICM_20948/ICM_20948.cpp:258:20:ICM_20948_Status_e ICM_20948::getBiasGyroZ(int32_t*)	24	static
../Core/Src/imu/ICM_20948/ICM_20948.cpp:275:20:ICM_20948_Status_e ICM_20948::setBiasAccelX(int32_t)	24	static
../Core/Src/imu/ICM_20948/ICM_20948.cpp:290:20:ICM_20948_Status_e ICM_20948::setBiasAccelY(int32_t)	24	static
../Core/Src/imu/ICM_20948/ICM_20948.cpp:305:20:ICM_20948_Status_e ICM_20948::setBiasAccelZ(int32_t)	24	static
../Core/Src/imu/ICM_20948/ICM_20948.cpp:320:20:ICM_20948_Status_e ICM_20948::getBiasAccelX(int32_t*)	24	static
../Core/Src/imu/ICM_20948/ICM_20948.cpp:337:20:ICM_20948_Status_e ICM_20948::getBiasAccelY(int32_t*)	24	static
../Core/Src/imu/ICM_20948/ICM_20948.cpp:354:20:ICM_20948_Status_e ICM_20948::getBiasAccelZ(int32_t*)	24	static
../Core/Src/imu/ICM_20948/ICM_20948.cpp:371:20:ICM_20948_Status_e ICM_20948::setBiasCPassX(int32_t)	24	static
../Core/Src/imu/ICM_20948/ICM_20948.cpp:386:20:ICM_20948_Status_e ICM_20948::setBiasCPassY(int32_t)	24	static
../Core/Src/imu/ICM_20948/ICM_20948.cpp:401:20:ICM_20948_Status_e ICM_20948::setBiasCPassZ(int32_t)	24	static
../Core/Src/imu/ICM_20948/ICM_20948.cpp:416:20:ICM_20948_Status_e ICM_20948::getBiasCPassX(int32_t*)	24	static
../Core/Src/imu/ICM_20948/ICM_20948.cpp:433:20:ICM_20948_Status_e ICM_20948::getBiasCPassY(int32_t*)	24	static
../Core/Src/imu/ICM_20948/ICM_20948.cpp:450:20:ICM_20948_Status_e ICM_20948::getBiasCPassZ(int32_t*)	24	static
../Core/Src/imu/ICM_20948/ICM_20948.cpp:467:7:float ICM_20948::temp()	16	static
../Core/Src/imu/ICM_20948/ICM_20948.cpp:472:7:float ICM_20948::getTempC(int16_t)	16	static
../Core/Src/imu/ICM_20948/ICM_20948.cpp:477:13:const char* ICM_20948::statusString(ICM_20948_Status_e)	24	static
../Core/Src/imu/ICM_20948/ICM_20948.cpp:547:20:ICM_20948_Status_e ICM_20948::setBank(uint8_t)	16	static
../Core/Src/imu/ICM_20948/ICM_20948.cpp:553:20:ICM_20948_Status_e ICM_20948::swReset()	16	static
../Core/Src/imu/ICM_20948/ICM_20948.cpp:559:20:ICM_20948_Status_e ICM_20948::sleep(bool)	16	static
../Core/Src/imu/ICM_20948/ICM_20948.cpp:565:20:ICM_20948_Status_e ICM_20948::lowPower(bool)	16	static
../Core/Src/imu/ICM_20948/ICM_20948.cpp:571:20:ICM_20948_Status_e ICM_20948::setClockSource(ICM_20948_PWR_MGMT_1_CLKSEL_e)	16	static
../Core/Src/imu/ICM_20948/ICM_20948.cpp:577:20:ICM_20948_Status_e ICM_20948::checkID()	16	static
../Core/Src/imu/ICM_20948/ICM_20948.cpp:589:6:bool ICM_20948::dataReady()	16	static
../Core/Src/imu/ICM_20948/ICM_20948.cpp:599:9:uint8_t ICM_20948::getWhoAmI()	24	static
../Core/Src/imu/ICM_20948/ICM_20948.cpp:606:6:bool ICM_20948::isConnected()	16	static
../Core/Src/imu/ICM_20948/ICM_20948.cpp:620:20:ICM_20948_Status_e ICM_20948::setSampleMode(uint8_t, uint8_t)	16	static
../Core/Src/imu/ICM_20948/ICM_20948.cpp:627:20:ICM_20948_Status_e ICM_20948::setFullScale(uint8_t, ICM_20948_fss_t)	16	static
../Core/Src/imu/ICM_20948/ICM_20948.cpp:633:20:ICM_20948_Status_e ICM_20948::setDLPFcfg(uint8_t, ICM_20948_dlpcfg_t)	24	static
../Core/Src/imu/ICM_20948/ICM_20948.cpp:639:20:ICM_20948_Status_e ICM_20948::enableDLPF(uint8_t, bool)	16	static
../Core/Src/imu/ICM_20948/ICM_20948.cpp:645:20:ICM_20948_Status_e ICM_20948::setSampleRate(uint8_t, ICM_20948_smplrt_t)	24	static
../Core/Src/imu/ICM_20948/ICM_20948.cpp:652:20:ICM_20948_Status_e ICM_20948::clearInterrupts()	24	static
../Core/Src/imu/ICM_20948/ICM_20948.cpp:679:20:ICM_20948_Status_e ICM_20948::cfgIntActiveLow(bool)	24	static
../Core/Src/imu/ICM_20948/ICM_20948.cpp:696:20:ICM_20948_Status_e ICM_20948::cfgIntOpenDrain(bool)	24	static
../Core/Src/imu/ICM_20948/ICM_20948.cpp:713:20:ICM_20948_Status_e ICM_20948::cfgIntLatch(bool)	24	static
../Core/Src/imu/ICM_20948/ICM_20948.cpp:730:20:ICM_20948_Status_e ICM_20948::cfgIntAnyReadToClear(bool)	24	static
../Core/Src/imu/ICM_20948/ICM_20948.cpp:747:20:ICM_20948_Status_e ICM_20948::cfgFsyncActiveLow(bool)	24	static
../Core/Src/imu/ICM_20948/ICM_20948.cpp:764:20:ICM_20948_Status_e ICM_20948::cfgFsyncIntMode(bool)	24	static
../Core/Src/imu/ICM_20948/ICM_20948.cpp:782:20:ICM_20948_Status_e ICM_20948::intEnableI2C(bool)	24	static
../Core/Src/imu/ICM_20948/ICM_20948.cpp:804:20:ICM_20948_Status_e ICM_20948::intEnableDMP(bool)	24	static
../Core/Src/imu/ICM_20948/ICM_20948.cpp:826:20:ICM_20948_Status_e ICM_20948::intEnablePLL(bool)	24	static
../Core/Src/imu/ICM_20948/ICM_20948.cpp:848:20:ICM_20948_Status_e ICM_20948::intEnableWOM(bool)	24	static
../Core/Src/imu/ICM_20948/ICM_20948.cpp:870:20:ICM_20948_Status_e ICM_20948::intEnableWOF(bool)	24	static
../Core/Src/imu/ICM_20948/ICM_20948.cpp:892:20:ICM_20948_Status_e ICM_20948::intEnableRawDataReady(bool)	24	static
../Core/Src/imu/ICM_20948/ICM_20948.cpp:914:20:ICM_20948_Status_e ICM_20948::intEnableOverflowFIFO(uint8_t)	24	static
../Core/Src/imu/ICM_20948/ICM_20948.cpp:935:20:ICM_20948_Status_e ICM_20948::intEnableWatermarkFIFO(uint8_t)	24	static
../Core/Src/imu/ICM_20948/ICM_20948.cpp:956:20:ICM_20948_Status_e ICM_20948::WOMLogic(uint8_t, uint8_t)	24	static
../Core/Src/imu/ICM_20948/ICM_20948.cpp:980:20:ICM_20948_Status_e ICM_20948::WOMThreshold(uint8_t)	24	static
../Core/Src/imu/ICM_20948/ICM_20948.cpp:1003:20:ICM_20948_Status_e ICM_20948::i2cMasterPassthrough(bool)	16	static
../Core/Src/imu/ICM_20948/ICM_20948.cpp:1009:20:ICM_20948_Status_e ICM_20948::i2cMasterEnable(bool)	16	static
../Core/Src/imu/ICM_20948/ICM_20948.cpp:1015:20:ICM_20948_Status_e ICM_20948::i2cMasterReset()	16	static
../Core/Src/imu/ICM_20948/ICM_20948.cpp:1021:20:ICM_20948_Status_e ICM_20948::i2cControllerConfigurePeripheral(uint8_t, uint8_t, uint8_t, uint8_t, bool, bool, bool, bool, bool, uint8_t)	56	static
../Core/Src/imu/ICM_20948/ICM_20948.cpp:1029:20:ICM_20948_Status_e ICM_20948::i2cMasterConfigureSlave(uint8_t, uint8_t, uint8_t, uint8_t, bool, bool, bool, bool, bool)	48	static
../Core/Src/imu/ICM_20948/ICM_20948.cpp:1034:20:ICM_20948_Status_e ICM_20948::i2cControllerPeriph4Transaction(uint8_t, uint8_t, uint8_t*, uint8_t, bool, bool)	40	static
../Core/Src/imu/ICM_20948/ICM_20948.cpp:1042:20:ICM_20948_Status_e ICM_20948::i2cMasterSLV4Transaction(uint8_t, uint8_t, uint8_t*, uint8_t, bool, bool)	40	static
../Core/Src/imu/ICM_20948/ICM_20948.cpp:1047:20:ICM_20948_Status_e ICM_20948::i2cMasterSingleW(uint8_t, uint8_t, uint8_t)	16	static
../Core/Src/imu/ICM_20948/ICM_20948.cpp:1052:9:uint8_t ICM_20948::i2cMasterSingleR(uint8_t, uint8_t)	24	static
../Core/Src/imu/ICM_20948/ICM_20948.cpp:1065:20:ICM_20948_Status_e ICM_20948::startupDefault(bool)	24	static
../Core/Src/imu/ICM_20948/ICM_20948.cpp:1186:20:ICM_20948_Status_e ICM_20948::read(uint8_t, uint8_t*, uint32_t)	24	static
../Core/Src/imu/ICM_20948/ICM_20948.cpp:1192:20:ICM_20948_Status_e ICM_20948::write(uint8_t, uint8_t*, uint32_t)	24	static
../Core/Src/imu/ICM_20948/ICM_20948.cpp:1198:9:uint8_t ICM_20948::readMag(AK09916_Reg_Addr_e)	24	static
../Core/Src/imu/ICM_20948/ICM_20948.cpp:1204:20:ICM_20948_Status_e ICM_20948::writeMag(AK09916_Reg_Addr_e, uint8_t*)	24	static
../Core/Src/imu/ICM_20948/ICM_20948.cpp:1210:20:ICM_20948_Status_e ICM_20948::resetMag()	24	static
../Core/Src/imu/ICM_20948/ICM_20948.cpp:1223:20:ICM_20948_Status_e ICM_20948::enableFIFO(bool)	16	static
../Core/Src/imu/ICM_20948/ICM_20948.cpp:1229:20:ICM_20948_Status_e ICM_20948::resetFIFO()	16	static
../Core/Src/imu/ICM_20948/ICM_20948.cpp:1235:20:ICM_20948_Status_e ICM_20948::setFIFOmode(bool)	16	static
../Core/Src/imu/ICM_20948/ICM_20948.cpp:1242:20:ICM_20948_Status_e ICM_20948::getFIFOcount(uint16_t*)	16	static
../Core/Src/imu/ICM_20948/ICM_20948.cpp:1248:20:ICM_20948_Status_e ICM_20948::readFIFO(uint8_t*, uint8_t)	24	static
../Core/Src/imu/ICM_20948/ICM_20948.cpp:1256:20:ICM_20948_Status_e ICM_20948::enableDMP(bool)	16	static
../Core/Src/imu/ICM_20948/ICM_20948.cpp:1266:20:ICM_20948_Status_e ICM_20948::resetDMP()	16	static
../Core/Src/imu/ICM_20948/ICM_20948.cpp:1272:20:ICM_20948_Status_e ICM_20948::loadDMPFirmware()	16	static
../Core/Src/imu/ICM_20948/ICM_20948.cpp:1282:20:ICM_20948_Status_e ICM_20948::setDMPstartAddress(short unsigned int)	16	static
../Core/Src/imu/ICM_20948/ICM_20948.cpp:1292:20:ICM_20948_Status_e ICM_20948::enableDMPSensor(inv_icm20948_sensor, bool)	16	static
../Core/Src/imu/ICM_20948/ICM_20948.cpp:1313:20:ICM_20948_Status_e ICM_20948::enableDMPSensorInt(inv_icm20948_sensor, bool)	16	static
../Core/Src/imu/ICM_20948/ICM_20948.cpp:1330:20:ICM_20948_Status_e ICM_20948::writeDMPmems(short unsigned int, unsigned int, const unsigned char*)	24	static
../Core/Src/imu/ICM_20948/ICM_20948.cpp:1340:20:ICM_20948_Status_e ICM_20948::readDMPmems(short unsigned int, unsigned int, unsigned char*)	24	static
../Core/Src/imu/ICM_20948/ICM_20948.cpp:1350:20:ICM_20948_Status_e ICM_20948::setDMPODRrate(DMP_ODR_Registers, int)	24	static
../Core/Src/imu/ICM_20948/ICM_20948.cpp:1365:20:ICM_20948_Status_e ICM_20948::readDMPdataFromFIFO(icm_20948_DMP_data_t*)	16	static
../Core/Src/imu/ICM_20948/ICM_20948.cpp:1375:20:ICM_20948_Status_e ICM_20948::setGyroSF(unsigned char, int)	24	static
../Core/Src/imu/ICM_20948/ICM_20948.cpp:1393:20:ICM_20948_Status_e ICM_20948::initializeDMP()	120	static
../Core/Src/imu/ICM_20948/ICM_20948.cpp:1643:1:ICM_20948_I2C::ICM_20948_I2C()	16	static
../Core/Src/imu/ICM_20948/ICM_20948.cpp:1647:20:virtual ICM_20948_Status_e ICM_20948_I2C::begin(I2C_HandleTypeDef*)	16	static
../Core/Src/imu/ICM_20948/ICM_20948.cpp:1690:20:ICM_20948_Status_e ICM_20948::startupMagnetometer(bool)	56	static
../Core/Src/imu/ICM_20948/ICM_20948.cpp:1768:20:ICM_20948_Status_e ICM_20948::magWhoIAm()	24	static
../Core/Src/imu/ICM_20948/ICM_20948.cpp:1824:1:ICM_20948_SPI::ICM_20948_SPI()	16	static
../Core/Src/imu/ICM_20948/ICM_20948.cpp:1828:20:ICM_20948_Status_e ICM_20948_SPI::begin(SPI_HandleTypeDef*, GPIO_TypeDef*, uint16_t, uint32_t)	24	static
../Core/Src/imu/ICM_20948/ICM_20948.cpp:1879:20:ICM_20948_Status_e ICM_20948_write_I2C(uint8_t, uint8_t*, uint32_t, void*)	48	static
../Core/Src/imu/ICM_20948/ICM_20948.cpp:1897:20:ICM_20948_Status_e ICM_20948_read_I2C(uint8_t, uint8_t*, uint32_t, void*)	48	static
../Core/Src/imu/ICM_20948/ICM_20948.cpp:1917:20:ICM_20948_Status_e ICM_20948_write_SPI(uint8_t, uint8_t*, uint32_t, void*)	40	static
../Core/Src/imu/ICM_20948/ICM_20948.cpp:1943:20:ICM_20948_Status_e ICM_20948_read_SPI(uint8_t, uint8_t*, uint32_t, void*)	40	static
