../FATFS/Target/fatfs_sd.c:28:13:SELECT	8	static
../FATFS/Target/fatfs_sd.c:34:13:DESELECT	8	static
../FATFS/Target/fatfs_sd.c:40:13:SPI_TxByte	16	static
../FATFS/Target/fatfs_sd.c:47:16:SPI_RxByte	24	static
../FATFS/Target/fatfs_sd.c:60:13:SPI_RxBytePtr	16	static
../FATFS/Target/fatfs_sd.c:66:16:SD_ReadyWait	16	static
../FATFS/Target/fatfs_sd.c:84:13:SD_PowerOn	32	static
../FATFS/Target/fatfs_sd.c:127:13:SD_PowerOff	4	static
../FATFS/Target/fatfs_sd.c:133:16:SD_CheckPower	4	static
../FATFS/Target/fatfs_sd.c:140:13:SD_RxDataBlock	24	static
../FATFS/Target/fatfs_sd.c:172:13:SD_TxDataBlock	24	static
../FATFS/Target/fatfs_sd.c:223:13:SD_SendCmd	24	static
../FATFS/Target/fatfs_sd.c:269:9:SD_disk_initialize	32	static
../FATFS/Target/fatfs_sd.c:372:9:SD_disk_status	16	static
../FATFS/Target/fatfs_sd.c:381:9:SD_disk_read	24	static
../FATFS/Target/fatfs_sd.c:425:9:SD_disk_write	24	static
../FATFS/Target/fatfs_sd.c:480:9:SD_disk_ioctl	56	static
